===== install :: npm ci :: passed =====
npm warn deprecated try-resolve@1.0.1: Package no longer supported. Contact Support at https://www.npmjs.com/support for more info.

added 259 packages, and audited 260 packages in 10s

75 packages are looking for funding
  run `npm fund` for details

found 0 vulnerabilities

===== typecheck :: npm run typecheck :: passed =====

> backend@0.1.0 typecheck
> tsc --noEmit


===== lint :: npm run lint :: passed =====

> backend@0.1.0 lint
> eslint .


===== secret-scan :: npm run secret-scan :: passed =====

> backend@0.1.0 secret-scan
> secretlint "**/*"


===== test :: npm test :: passed =====

> backend@0.1.0 test
> vitest run --passWithNoTests


 RUN  v3.2.7 /home/siegfriedneto/projects/siegardtest/src

 ✓ src/__tests__/unit/case/case-resolution.spec.ts (13 tests) 18ms
 ✓ src/__tests__/unit/investigation/investigation-factory.spec.ts (13 tests) 35ms
 ✓ src/__tests__/unit/investigation/resolve-and-narrow-input.spec.ts (11 tests) 33ms
 ✓ src/__tests__/unit/investigation/judgment-stage.spec.ts (16 tests) 62ms
 ✓ src/__tests__/unit/investigation/evidence-collection-stage.spec.ts (11 tests) 43ms
 ✓ src/__tests__/unit/case/parse-case-document.spec.ts (34 tests) 44ms
 ✓ src/__tests__/unit/case/validate-case-coherence.spec.ts (17 tests) 105ms
 ✓ src/__tests__/unit/capability-registry/capability-registry.service.spec.ts (18 tests) 66ms
 ✓ src/__tests__/unit/case/case-query.service.spec.ts (19 tests) 165ms
 ✓ src/__tests__/integration/persistence/file-investigation-store.repository.spec.ts (12 tests) 395ms
 ✓ src/__tests__/unit/investigation/citation-validation.spec.ts (8 tests) 22ms
 ✓ src/__tests__/unit/capability-registry/capability-query.port.spec.ts (10 tests) 22ms
 ✓ src/__tests__/unit/investigation/draft-assessment-text.spec.ts (8 tests) 28ms
 ✓ src/__tests__/unit/glossary/glossary.service.spec.ts (11 tests) 30ms
 ✓ src/__tests__/unit/glossary/glossary-query.port.spec.ts (8 tests) 27ms
 ✓ src/__tests__/unit/investigation/observation-source-modules.spec.ts (3 tests) 180ms
 ✓ src/__tests__/unit/investigation/hypothesis-evaluator.port.spec.ts (8 tests) 17ms
 ✓ src/__tests__/unit/investigation/investigation-factory-modules.spec.ts (2 tests) 71ms
 ✓ src/__tests__/integration/persistence/file-case-store.repository.spec.ts (11 tests) 436ms
 ✓ src/__tests__/unit/investigation/observation-source.port.spec.ts (8 tests) 24ms
 ✓ src/__tests__/integration/factories/case-query.factory.spec.ts (6 tests) 432ms
 ✓ src/__tests__/unit/investigation/idempotency-resolution.spec.ts (7 tests) 31ms
 ✓ src/__tests__/unit/investigation/hypothesis-evaluator-modules.spec.ts (3 tests) 186ms
 ✓ src/__tests__/unit/investigation/draft-assessment-text-modules.spec.ts (3 tests) 99ms
 ✓ src/__tests__/unit/investigation/subject.spec.ts (8 tests) 13ms
 ✓ src/__tests__/unit/investigation/idempotency-lease-store.spec.ts (7 tests) 18ms
 ✓ src/__tests__/unit/case/case-document-modules.spec.ts (2 tests) 140ms
 ✓ src/__tests__/unit/glossary/vocabulary-modules.spec.ts (2 tests) 163ms
 ✓ src/__tests__/unit/capability-registry/no-network-persistence.spec.ts (1 test) 100ms
 ✓ src/__tests__/integration/capability-registry/capability-query.port.spec.ts (3 tests) 122ms
 ✓ src/__tests__/unit/investigation/idempotency-key.spec.ts (5 tests) 27ms
 ✓ src/__tests__/integration/persistence/file-glossary-store.repository.spec.ts (7 tests) 209ms
 ✓ src/__tests__/integration/persistence/file-capability-store.repository.spec.ts (8 tests) 242ms
 ✓ src/__tests__/integration/glossary/glossary-query.port.spec.ts (3 tests) 132ms
 ✓ src/__tests__/integration/factories/capability-registry.factory.spec.ts (2 tests) 121ms
 ✓ src/__tests__/unit/dependency-manifest.spec.ts (1 test) 44ms
 ✓ src/__tests__/integration/factories/glossary.factory.spec.ts (2 tests) 40ms

 Test Files  37 passed (37)
      Tests  311 passed (311)
   Start at  11:59:58
   Duration  6.18s (transform 6.24s, setup 0ms, collect 15.52s, tests 3.94s, environment 25ms, prepare 12.22s)


