===== install :: npm ci :: passed =====
npm warn deprecated try-resolve@1.0.1: Package no longer supported. Contact Support at https://www.npmjs.com/support for more info.

added 259 packages, and audited 260 packages in 4s

75 packages are looking for funding
  run `npm fund` for details

found 0 vulnerabilities

===== typecheck :: npm run typecheck :: passed =====

> backend@0.1.0 typecheck
> tsc --noEmit


===== lint :: npm run lint :: passed =====

> backend@0.1.0 lint
> eslint .


===== secret-scan :: npm run secret-scan :: passed =====

> backend@0.1.0 secret-scan
> secretlint "**/*"


===== test :: npm test :: passed =====

> backend@0.1.0 test
> vitest run --passWithNoTests


 RUN  v3.2.7 /home/siegfriedneto/projects/siegardtest/src

 ✓ src/__tests__/unit/investigation/citation-validation.spec.ts (8 tests) 7ms
 ✓ src/__tests__/unit/case/case-resolution.spec.ts (13 tests) 12ms
 ✓ src/__tests__/unit/investigation/resolve-and-narrow-input.spec.ts (11 tests) 13ms
 ✓ src/__tests__/unit/investigation/judgment-stage.spec.ts (16 tests) 30ms
 ✓ src/__tests__/unit/case/validate-case-coherence.spec.ts (17 tests) 20ms
 ✓ src/__tests__/unit/investigation/evidence-collection-stage.spec.ts (11 tests) 48ms
 ✓ src/__tests__/unit/case/parse-case-document.spec.ts (34 tests) 44ms
 ✓ src/__tests__/unit/capability-registry/capability-query.port.spec.ts (10 tests) 15ms
 ✓ src/__tests__/unit/case/case-query.service.spec.ts (19 tests) 40ms
 ✓ src/__tests__/unit/capability-registry/capability-registry.service.spec.ts (18 tests) 39ms
 ✓ src/__tests__/unit/glossary/glossary-query.port.spec.ts (8 tests) 12ms
 ✓ src/__tests__/unit/investigation/draft-assessment-text.spec.ts (8 tests) 14ms
 ✓ src/__tests__/unit/glossary/glossary.service.spec.ts (11 tests) 34ms
 ✓ src/__tests__/integration/persistence/file-case-store.repository.spec.ts (11 tests) 345ms
 ✓ src/__tests__/unit/investigation/hypothesis-evaluator.port.spec.ts (8 tests) 63ms
 ✓ src/__tests__/integration/factories/case-query.factory.spec.ts (6 tests) 303ms
 ✓ src/__tests__/unit/investigation/observation-source-modules.spec.ts (3 tests) 178ms
 ✓ src/__tests__/unit/investigation/draft-assessment-text-modules.spec.ts (3 tests) 30ms
 ✓ src/__tests__/unit/investigation/idempotency-resolution.spec.ts (7 tests) 43ms
 ✓ src/__tests__/unit/investigation/hypothesis-evaluator-modules.spec.ts (3 tests) 113ms
 ✓ src/__tests__/unit/investigation/observation-source.port.spec.ts (8 tests) 90ms
 ✓ src/__tests__/unit/glossary/vocabulary-modules.spec.ts (2 tests) 50ms
 ✓ src/__tests__/unit/case/case-document-modules.spec.ts (2 tests) 94ms
 ✓ src/__tests__/unit/investigation/idempotency-lease-store.spec.ts (7 tests) 20ms
 ✓ src/__tests__/unit/capability-registry/no-network-persistence.spec.ts (1 test) 45ms
 ✓ src/__tests__/integration/capability-registry/capability-query.port.spec.ts (3 tests) 72ms
 ✓ src/__tests__/integration/persistence/file-capability-store.repository.spec.ts (8 tests) 133ms
 ✓ src/__tests__/integration/persistence/file-glossary-store.repository.spec.ts (7 tests) 126ms
 ✓ src/__tests__/integration/glossary/glossary-query.port.spec.ts (3 tests) 60ms
 ✓ src/__tests__/unit/investigation/idempotency-key.spec.ts (5 tests) 10ms
 ✓ src/__tests__/integration/factories/capability-registry.factory.spec.ts (2 tests) 39ms
 ✓ src/__tests__/unit/dependency-manifest.spec.ts (1 test) 20ms
 ✓ src/__tests__/integration/factories/glossary.factory.spec.ts (2 tests) 40ms

 Test Files  33 passed (33)
      Tests  276 passed (276)
   Start at  01:12:25
   Duration  3.48s (transform 3.17s, setup 0ms, collect 7.91s, tests 2.20s, environment 27ms, prepare 8.87s)


