===== install :: npm ci :: passed =====
npm warn deprecated try-resolve@1.0.1: Package no longer supported. Contact Support at https://www.npmjs.com/support for more info.
npm warn deprecated node-domexception@1.0.0: Use your platform's native DOMException instead

added 358 packages, and audited 359 packages in 8s

98 packages are looking for funding
  run `npm fund` for details

found 0 vulnerabilities

===== typecheck :: npm run typecheck :: passed =====

> servicedeskn1@0.1.0 typecheck
> tsc --noEmit


===== lint :: npm run lint :: failed =====

> servicedeskn1@0.1.0 lint
> eslint .


/home/siegfriedneto/projects/servicedeskn1/src/src/__tests__/unit/investigation/evidence-collection-stage.spec.ts
   822:137  error  Async arrow function has too many lines (31). Maximum allowed is 30  max-lines-per-function
   970:205  error  Async arrow function has too many lines (32). Maximum allowed is 30  max-lines-per-function
  1147:119  error  Async arrow function has too many lines (32). Maximum allowed is 30  max-lines-per-function

✖ 3 problems (3 errors, 0 warnings)


===== secret-scan :: npm run secret-scan :: not_run =====

===== test :: npm test :: not_run =====

