===== install :: npm ci :: passed =====
npm warn deprecated try-resolve@1.0.1: Package no longer supported. Contact Support at https://www.npmjs.com/support for more info.

added 259 packages, and audited 260 packages in 4s

75 packages are looking for funding
  run `npm fund` for details

found 0 vulnerabilities

===== typecheck :: npm run typecheck :: passed =====

> backend@0.1.0 typecheck
> tsc --noEmit


===== lint :: npm run lint :: passed =====

> backend@0.1.0 lint
> eslint .


===== secret-scan :: npm run secret-scan :: passed =====

> backend@0.1.0 secret-scan
> secretlint "**/*"


===== test :: npm test :: passed =====

> backend@0.1.0 test
> vitest run --passWithNoTests


 RUN  v3.2.7 /home/siegfriedneto/projects/siegardtest/src

 ✓ src/__tests__/unit/glossary/vocabulary-modules.spec.ts (2 tests) 18ms
 ✓ src/__tests__/unit/capability-registry/no-network-persistence.spec.ts (1 test) 14ms
 ✓ src/__tests__/unit/case/case-document-modules.spec.ts (2 tests) 16ms
 ✓ src/__tests__/unit/glossary/glossary-query.port.spec.ts (8 tests) 9ms
 ✓ src/__tests__/unit/glossary/glossary.service.spec.ts (11 tests) 10ms
 ✓ src/__tests__/unit/case/parse-case-document.spec.ts (34 tests) 21ms
 ✓ src/__tests__/unit/capability-registry/capability-query.port.spec.ts (10 tests) 13ms
 ✓ src/__tests__/unit/capability-registry/capability-registry.service.spec.ts (18 tests) 27ms
 ✓ src/__tests__/integration/persistence/file-glossary-store.repository.spec.ts (7 tests) 58ms
 ✓ src/__tests__/integration/persistence/file-capability-store.repository.spec.ts (8 tests) 100ms
 ✓ src/__tests__/integration/capability-registry/capability-query.port.spec.ts (3 tests) 92ms
 ✓ src/__tests__/unit/dependency-manifest.spec.ts (1 test) 27ms
 ✓ src/__tests__/integration/glossary/glossary-query.port.spec.ts (3 tests) 33ms
 ✓ src/__tests__/integration/factories/capability-registry.factory.spec.ts (2 tests) 30ms
 ✓ src/__tests__/integration/factories/glossary.factory.spec.ts (2 tests) 26ms

 Test Files  15 passed (15)
      Tests  112 passed (112)
   Start at  17:17:26
   Duration  1.79s (transform 1.41s, setup 0ms, collect 3.90s, tests 494ms, environment 5ms, prepare 3.59s)


