===== install :: npm ci :: passed =====
npm warn deprecated try-resolve@1.0.1: Package no longer supported. Contact Support at https://www.npmjs.com/support for more info.

added 259 packages, and audited 260 packages in 12s

75 packages are looking for funding
  run `npm fund` for details

found 0 vulnerabilities

===== typecheck :: npm run typecheck :: passed =====

> backend@0.1.0 typecheck
> tsc --noEmit


===== lint :: npm run lint :: passed =====

> backend@0.1.0 lint
> eslint .


===== secret-scan :: npm run secret-scan :: passed =====

> backend@0.1.0 secret-scan
> secretlint "**/*"


===== test :: npm test :: passed =====

> backend@0.1.0 test
> vitest run --passWithNoTests


 RUN  v3.2.7 /home/siegfriedneto/projects/siegardtest/src

 ✓ src/__tests__/unit/case/case-resolution.spec.ts (13 tests) 26ms
 ✓ src/__tests__/unit/investigation/resolve-and-narrow-input.spec.ts (17 tests) 43ms
 ✓ src/__tests__/unit/investigation/investigation-factory.spec.ts (13 tests) 117ms
 ✓ src/__tests__/unit/investigation/judgment-stage.spec.ts (16 tests) 190ms
 ✓ src/__tests__/unit/case/validate-case-coherence.spec.ts (17 tests) 57ms
 ✓ src/__tests__/unit/investigation/evidence-collection-stage.spec.ts (11 tests) 191ms
 ✓ src/__tests__/unit/case/parse-case-document.spec.ts (43 tests) 114ms
 ✓ src/__tests__/unit/capability-registry/capability-registry.service.spec.ts (18 tests) 53ms
 ✓ src/__tests__/unit/case/case-query.service.spec.ts (19 tests) 176ms
 ✓ src/__tests__/integration/persistence/file-investigation-store.repository.spec.ts (12 tests) 192ms
 ✓ src/__tests__/unit/investigation/citation-validation.spec.ts (8 tests) 55ms
 ✓ src/__tests__/unit/investigation/draft-assessment-text.spec.ts (8 tests) 67ms
 ✓ src/__tests__/unit/investigation/assessment-consolidator.port.spec.ts (9 tests) 26ms
 ✓ src/__tests__/unit/capability-registry/capability-query.port.spec.ts (10 tests) 26ms
 ✓ src/__tests__/unit/glossary/glossary.service.spec.ts (11 tests) 27ms
 ✓ src/__tests__/unit/investigation/assessment-consolidator-modules.spec.ts (4 tests) 90ms
 ✓ src/__tests__/unit/investigation/hypothesis-evaluator.port.spec.ts (8 tests) 33ms
 ✓ src/__tests__/unit/glossary/glossary-query.port.spec.ts (8 tests) 32ms
 ✓ src/__tests__/integration/persistence/file-case-store.repository.spec.ts (11 tests) 206ms
 ✓ src/__tests__/integration/factories/case-query.factory.spec.ts (6 tests) 285ms
 ✓ src/__tests__/unit/investigation/observation-source-modules.spec.ts (3 tests) 279ms
 ✓ src/__tests__/unit/investigation/investigation-factory-modules.spec.ts (2 tests) 130ms
 ✓ src/__tests__/unit/investigation/draft-assessment-text-modules.spec.ts (3 tests) 110ms
 ✓ src/__tests__/unit/investigation/hypothesis-evaluator-modules.spec.ts (3 tests) 184ms
 ✓ src/__tests__/unit/investigation/idempotency-resolution.spec.ts (7 tests) 48ms
 ✓ src/__tests__/unit/investigation/observation-source.port.spec.ts (8 tests) 64ms
 ✓ src/__tests__/unit/investigation/subject.spec.ts (8 tests) 20ms
 ✓ src/__tests__/unit/investigation/idempotency-lease-store.spec.ts (7 tests) 20ms
 ✓ src/__tests__/unit/glossary/vocabulary-modules.spec.ts (2 tests) 51ms
 ✓ src/__tests__/unit/case/case-document-modules.spec.ts (2 tests) 87ms
 ✓ src/__tests__/unit/capability-registry/no-network-persistence.spec.ts (1 test) 139ms
 ✓ src/__tests__/integration/persistence/file-capability-store.repository.spec.ts (8 tests) 155ms
 ✓ src/__tests__/integration/capability-registry/capability-query.port.spec.ts (3 tests) 158ms
 ✓ src/__tests__/integration/factories/capability-registry.factory.spec.ts (2 tests) 44ms
 ✓ src/__tests__/integration/glossary/glossary-query.port.spec.ts (3 tests) 83ms
 ✓ src/__tests__/unit/investigation/idempotency-key.spec.ts (5 tests) 11ms
 ✓ src/__tests__/integration/persistence/file-glossary-store.repository.spec.ts (7 tests) 167ms
 ✓ src/__tests__/unit/dependency-manifest.spec.ts (1 test) 61ms
 ✓ src/__tests__/unit/investigation/consolidation-register.spec.ts (1 test) 13ms
 ✓ src/__tests__/integration/factories/glossary.factory.spec.ts (2 tests) 75ms

 Test Files  40 passed (40)
      Tests  340 passed (340)
   Start at  13:35:29
   Duration  6.36s (transform 6.90s, setup 0ms, collect 16.77s, tests 3.91s, environment 33ms, prepare 13.33s)


