
> servicedeskn1@0.1.0 typecheck
> tsc --noEmit

src/__tests__/unit/glossary/glossary-query.port.spec.ts(7,7): error TS2420: Class 'MutableGlossaryStore' incorrectly implements interface 'IGlossaryStore'.
  Property 'deleteConcept' is missing in type 'MutableGlossaryStore' but required in type 'IGlossaryStore'.
src/__tests__/unit/glossary/glossary-query.port.spec.ts(57,30): error TS2345: Argument of type 'MutableGlossaryStore' is not assignable to parameter of type 'IGlossaryStore'.
  Property 'deleteConcept' is missing in type 'MutableGlossaryStore' but required in type 'IGlossaryStore'.
src/__tests__/unit/glossary/glossary.service.list-concepts.spec.ts(9,7): error TS2420: Class 'ConceptOnlyGlossaryStore' incorrectly implements interface 'IGlossaryStore'.
  Property 'deleteConcept' is missing in type 'ConceptOnlyGlossaryStore' but required in type 'IGlossaryStore'.
src/__tests__/unit/glossary/glossary.service.list-concepts.spec.ts(40,40): error TS2345: Argument of type 'ConceptOnlyGlossaryStore' is not assignable to parameter of type 'IGlossaryStore'.
  Property 'deleteConcept' is missing in type 'ConceptOnlyGlossaryStore' but required in type 'IGlossaryStore'.
src/__tests__/unit/glossary/glossary.service.list-concepts.spec.ts(58,40): error TS2345: Argument of type 'ConceptOnlyGlossaryStore' is not assignable to parameter of type 'IGlossaryStore'.
  Property 'deleteConcept' is missing in type 'ConceptOnlyGlossaryStore' but required in type 'IGlossaryStore'.
src/__tests__/unit/glossary/glossary.service.list-concepts.spec.ts(76,40): error TS2345: Argument of type 'ConceptOnlyGlossaryStore' is not assignable to parameter of type 'IGlossaryStore'.
  Property 'deleteConcept' is missing in type 'ConceptOnlyGlossaryStore' but required in type 'IGlossaryStore'.
src/__tests__/unit/glossary/glossary.service.list-concepts.spec.ts(85,40): error TS2345: Argument of type 'ConceptOnlyGlossaryStore' is not assignable to parameter of type 'IGlossaryStore'.
  Property 'deleteConcept' is missing in type 'ConceptOnlyGlossaryStore' but required in type 'IGlossaryStore'.
src/__tests__/unit/glossary/glossary.service.list-concepts.spec.ts(96,40): error TS2345: Argument of type 'ConceptOnlyGlossaryStore' is not assignable to parameter of type 'IGlossaryStore'.
  Property 'deleteConcept' is missing in type 'ConceptOnlyGlossaryStore' but required in type 'IGlossaryStore'.
src/__tests__/unit/glossary/glossary.service.list-concepts.spec.ts(110,40): error TS2345: Argument of type 'ConceptOnlyGlossaryStore' is not assignable to parameter of type 'IGlossaryStore'.
  Property 'deleteConcept' is missing in type 'ConceptOnlyGlossaryStore' but required in type 'IGlossaryStore'.
src/__tests__/unit/glossary/glossary.service.list-concepts.spec.ts(125,40): error TS2345: Argument of type 'ConceptOnlyGlossaryStore' is not assignable to parameter of type 'IGlossaryStore'.
  Property 'deleteConcept' is missing in type 'ConceptOnlyGlossaryStore' but required in type 'IGlossaryStore'.
src/__tests__/unit/glossary/glossary.service.spec.ts(10,7): error TS2420: Class 'InMemoryGlossaryStore' incorrectly implements interface 'IGlossaryStore'.
  Property 'deleteConcept' is missing in type 'InMemoryGlossaryStore' but required in type 'IGlossaryStore'.
src/__tests__/unit/glossary/glossary.service.spec.ts(68,40): error TS2345: Argument of type 'InMemoryGlossaryStore' is not assignable to parameter of type 'IGlossaryStore'.
  Property 'deleteConcept' is missing in type 'InMemoryGlossaryStore' but required in type 'IGlossaryStore'.
src/__tests__/unit/glossary/glossary.service.spec.ts(82,40): error TS2345: Argument of type 'InMemoryGlossaryStore' is not assignable to parameter of type 'IGlossaryStore'.
  Property 'deleteConcept' is missing in type 'InMemoryGlossaryStore' but required in type 'IGlossaryStore'.
src/__tests__/unit/glossary/glossary.service.spec.ts(95,40): error TS2345: Argument of type 'InMemoryGlossaryStore' is not assignable to parameter of type 'IGlossaryStore'.
  Property 'deleteConcept' is missing in type 'InMemoryGlossaryStore' but required in type 'IGlossaryStore'.
src/__tests__/unit/glossary/glossary.service.spec.ts(107,40): error TS2345: Argument of type 'InMemoryGlossaryStore' is not assignable to parameter of type 'IGlossaryStore'.
  Property 'deleteConcept' is missing in type 'InMemoryGlossaryStore' but required in type 'IGlossaryStore'.
src/__tests__/unit/glossary/glossary.service.spec.ts(119,40): error TS2345: Argument of type 'InMemoryGlossaryStore' is not assignable to parameter of type 'IGlossaryStore'.
  Property 'deleteConcept' is missing in type 'InMemoryGlossaryStore' but required in type 'IGlossaryStore'.
src/__tests__/unit/glossary/glossary.service.spec.ts(130,40): error TS2345: Argument of type 'InMemoryGlossaryStore' is not assignable to parameter of type 'IGlossaryStore'.
  Property 'deleteConcept' is missing in type 'InMemoryGlossaryStore' but required in type 'IGlossaryStore'.
src/__tests__/unit/glossary/glossary.service.spec.ts(141,40): error TS2345: Argument of type 'InMemoryGlossaryStore' is not assignable to parameter of type 'IGlossaryStore'.
  Property 'deleteConcept' is missing in type 'InMemoryGlossaryStore' but required in type 'IGlossaryStore'.
src/__tests__/unit/glossary/glossary.service.spec.ts(168,40): error TS2345: Argument of type 'InMemoryGlossaryStore' is not assignable to parameter of type 'IGlossaryStore'.
  Property 'deleteConcept' is missing in type 'InMemoryGlossaryStore' but required in type 'IGlossaryStore'.
src/__tests__/unit/glossary/glossary.service.spec.ts(189,40): error TS2345: Argument of type 'InMemoryGlossaryStore' is not assignable to parameter of type 'IGlossaryStore'.
  Property 'deleteConcept' is missing in type 'InMemoryGlossaryStore' but required in type 'IGlossaryStore'.
src/__tests__/unit/glossary/glossary.service.spec.ts(218,40): error TS2345: Argument of type 'InMemoryGlossaryStore' is not assignable to parameter of type 'IGlossaryStore'.
  Property 'deleteConcept' is missing in type 'InMemoryGlossaryStore' but required in type 'IGlossaryStore'.
src/__tests__/unit/glossary/glossary.service.spec.ts(230,40): error TS2345: Argument of type 'InMemoryGlossaryStore' is not assignable to parameter of type 'IGlossaryStore'.
  Property 'deleteConcept' is missing in type 'InMemoryGlossaryStore' but required in type 'IGlossaryStore'.
src/__tests__/unit/glossary/glossary.service.spec.ts(244,40): error TS2345: Argument of type 'InMemoryGlossaryStore' is not assignable to parameter of type 'IGlossaryStore'.
  Property 'deleteConcept' is missing in type 'InMemoryGlossaryStore' but required in type 'IGlossaryStore'.
src/__tests__/unit/glossary/glossary.service.spec.ts(262,42): error TS2345: Argument of type 'InMemoryGlossaryStore' is not assignable to parameter of type 'IGlossaryStore'.
  Property 'deleteConcept' is missing in type 'InMemoryGlossaryStore' but required in type 'IGlossaryStore'.
src/__tests__/unit/glossary/glossary.service.spec.ts(277,40): error TS2345: Argument of type 'InMemoryGlossaryStore' is not assignable to parameter of type 'IGlossaryStore'.
  Property 'deleteConcept' is missing in type 'InMemoryGlossaryStore' but required in type 'IGlossaryStore'.
src/__tests__/unit/glossary/glossary.service.spec.ts(304,40): error TS2345: Argument of type 'InMemoryGlossaryStore' is not assignable to parameter of type 'IGlossaryStore'.
  Property 'deleteConcept' is missing in type 'InMemoryGlossaryStore' but required in type 'IGlossaryStore'.
src/__tests__/unit/glossary/glossary.service.spec.ts(320,40): error TS2345: Argument of type 'InMemoryGlossaryStore' is not assignable to parameter of type 'IGlossaryStore'.
  Property 'deleteConcept' is missing in type 'InMemoryGlossaryStore' but required in type 'IGlossaryStore'.
src/__tests__/unit/glossary/glossary.service.spec.ts(329,40): error TS2345: Argument of type 'InMemoryGlossaryStore' is not assignable to parameter of type 'IGlossaryStore'.
  Property 'deleteConcept' is missing in type 'InMemoryGlossaryStore' but required in type 'IGlossaryStore'.
src/__tests__/unit/glossary/glossary.service.spec.ts(341,40): error TS2345: Argument of type 'InMemoryGlossaryStore' is not assignable to parameter of type 'IGlossaryStore'.
  Property 'deleteConcept' is missing in type 'InMemoryGlossaryStore' but required in type 'IGlossaryStore'.
src/__tests__/unit/glossary/glossary.service.spec.ts(352,40): error TS2345: Argument of type 'InMemoryGlossaryStore' is not assignable to parameter of type 'IGlossaryStore'.
  Property 'deleteConcept' is missing in type 'InMemoryGlossaryStore' but required in type 'IGlossaryStore'.
src/__tests__/unit/glossary/glossary.service.spec.ts(370,42): error TS2345: Argument of type 'InMemoryGlossaryStore' is not assignable to parameter of type 'IGlossaryStore'.
  Property 'deleteConcept' is missing in type 'InMemoryGlossaryStore' but required in type 'IGlossaryStore'.
src/__tests__/unit/glossary/glossary.service.spec.ts(391,40): error TS2345: Argument of type 'InMemoryGlossaryStore' is not assignable to parameter of type 'IGlossaryStore'.
  Property 'deleteConcept' is missing in type 'InMemoryGlossaryStore' but required in type 'IGlossaryStore'.
src/__tests__/unit/glossary/glossary.service.spec.ts(402,40): error TS2345: Argument of type 'InMemoryGlossaryStore' is not assignable to parameter of type 'IGlossaryStore'.
  Property 'deleteConcept' is missing in type 'InMemoryGlossaryStore' but required in type 'IGlossaryStore'.
src/__tests__/unit/glossary/glossary.service.spec.ts(418,40): error TS2345: Argument of type 'InMemoryGlossaryStore' is not assignable to parameter of type 'IGlossaryStore'.
  Property 'deleteConcept' is missing in type 'InMemoryGlossaryStore' but required in type 'IGlossaryStore'.
src/__tests__/unit/glossary/glossary.service.spec.ts(430,40): error TS2345: Argument of type 'InMemoryGlossaryStore' is not assignable to parameter of type 'IGlossaryStore'.
  Property 'deleteConcept' is missing in type 'InMemoryGlossaryStore' but required in type 'IGlossaryStore'.
src/__tests__/unit/glossary/glossary.service.spec.ts(447,40): error TS2345: Argument of type 'InMemoryGlossaryStore' is not assignable to parameter of type 'IGlossaryStore'.
  Property 'deleteConcept' is missing in type 'InMemoryGlossaryStore' but required in type 'IGlossaryStore'.
src/__tests__/unit/glossary/glossary.service.spec.ts(462,40): error TS2345: Argument of type 'InMemoryGlossaryStore' is not assignable to parameter of type 'IGlossaryStore'.
  Property 'deleteConcept' is missing in type 'InMemoryGlossaryStore' but required in type 'IGlossaryStore'.
src/__tests__/unit/glossary/glossary.service.spec.ts(472,40): error TS2345: Argument of type 'InMemoryGlossaryStore' is not assignable to parameter of type 'IGlossaryStore'.
  Property 'deleteConcept' is missing in type 'InMemoryGlossaryStore' but required in type 'IGlossaryStore'.
src/__tests__/unit/glossary/glossary.service.spec.ts(481,40): error TS2345: Argument of type 'InMemoryGlossaryStore' is not assignable to parameter of type 'IGlossaryStore'.
  Property 'deleteConcept' is missing in type 'InMemoryGlossaryStore' but required in type 'IGlossaryStore'.
src/__tests__/unit/glossary/glossary.service.spec.ts(494,40): error TS2345: Argument of type 'InMemoryGlossaryStore' is not assignable to parameter of type 'IGlossaryStore'.
  Property 'deleteConcept' is missing in type 'InMemoryGlossaryStore' but required in type 'IGlossaryStore'.
src/__tests__/unit/glossary/glossary.service.spec.ts(505,40): error TS2345: Argument of type 'InMemoryGlossaryStore' is not assignable to parameter of type 'IGlossaryStore'.
  Property 'deleteConcept' is missing in type 'InMemoryGlossaryStore' but required in type 'IGlossaryStore'.
src/__tests__/unit/glossary/glossary.service.spec.ts(516,40): error TS2345: Argument of type 'InMemoryGlossaryStore' is not assignable to parameter of type 'IGlossaryStore'.
  Property 'deleteConcept' is missing in type 'InMemoryGlossaryStore' but required in type 'IGlossaryStore'.
src/__tests__/unit/http/register-concept.routes.spec.ts(150,7): error TS2420: Class 'MinimalGlossaryStore' incorrectly implements interface 'IGlossaryStore'.
  Property 'deleteConcept' is missing in type 'MinimalGlossaryStore' but required in type 'IGlossaryStore'.
src/__tests__/unit/http/register-concept.routes.spec.ts(175,40): error TS2345: Argument of type 'MinimalGlossaryStore' is not assignable to parameter of type 'IGlossaryStore'.
  Property 'deleteConcept' is missing in type 'MinimalGlossaryStore' but required in type 'IGlossaryStore'.
