===== install :: npm ci :: passed =====
npm warn deprecated try-resolve@1.0.1: Package no longer supported. Contact Support at https://www.npmjs.com/support for more info.
npm warn deprecated whatwg-encoding@3.1.1: Use @exodus/bytes instead for a more spec-conformant and faster implementation
npm warn deprecated eslint@9.39.5: This version is no longer supported. Please see https://eslint.org/version-support for other options.

> case-authoring-console@0.1.0 postinstall
> node scripts/dedupe-tui-react.mjs

dedupe-tui-react: react already deduped
dedupe-tui-react: react-dom already deduped

added 577 packages, and audited 578 packages in 19s

196 packages are looking for funding
  run `npm fund` for details

2 high severity vulnerabilities

To address all issues, run:
  npm audit fix

Run `npm audit` for details.

===== typecheck :: npm run typecheck :: failed =====

> case-authoring-console@0.1.0 typecheck
> tsc --noEmit

src/routes/case-creation-screen-required-content.spec.ts(38,5): error TS2769: No overload matches this call.
  Overload 1 of 2, '(name: string | Function, fn?: TestFunction<object> | undefined, options?: number | undefined): void', gave the following error.
    Argument of type '{ timeout: number; }' is not assignable to parameter of type 'number'.
  Overload 2 of 2, '(name: string | Function, options?: TestCollectorOptions | undefined, fn?: TestFunction<object> | undefined): void', gave the following error.
    Type '() => Promise<void>' has no properties in common with type 'TestCollectorOptions'.

===== lint :: npm run lint :: not_run =====

===== style :: npm run lint:css :: not_run =====

===== build :: npm run build :: not_run =====

===== a11y :: npm run test:a11y :: not_run =====

===== secret-scan :: npm run secret-scan :: not_run =====

===== test :: npm test :: not_run =====

