===== install :: npm ci :: passed =====
npm warn deprecated try-resolve@1.0.1: Package no longer supported. Contact Support at https://www.npmjs.com/support for more info.
npm warn deprecated whatwg-encoding@3.1.1: Use @exodus/bytes instead for a more spec-conformant and faster implementation
npm warn deprecated eslint@9.39.5: This version is no longer supported. Please see https://eslint.org/version-support for other options.

added 571 packages, and audited 572 packages in 6s

192 packages are looking for funding
  run `npm fund` for details

found 0 vulnerabilities

===== typecheck :: npm run typecheck :: passed =====

> case-authoring-console@0.1.0 typecheck
> tsc --noEmit


===== lint :: npm run lint :: failed =====

> case-authoring-console@0.1.0 lint
> eslint .


/home/siegfriedneto/projects/siegardtest/frontend/app/src/shared/components/conflict-banner.spec.ts
  2:10  error  `cleanup` is performed automatically by your test runner, you don't need manual cleanups  testing-library/no-manual-cleanup

/home/siegfriedneto/projects/siegardtest/frontend/app/src/shared/components/status-table.spec.ts
    3:10  error  `cleanup` is performed automatically by your test runner, you don't need manual cleanups             testing-library/no-manual-cleanup
   73:47  error  Avoid direct Node access. Prefer using the methods from Testing Library                              testing-library/no-node-access
   73:47  error  Avoid direct Node access. Prefer using the methods from Testing Library                              testing-library/no-node-access
   99:45  error  Avoid direct Node access. Prefer using the methods from Testing Library                              testing-library/no-node-access
   99:45  error  Avoid direct Node access. Prefer using the methods from Testing Library                              testing-library/no-node-access
  116:45  error  Avoid direct Node access. Prefer using the methods from Testing Library                              testing-library/no-node-access
  116:45  error  Avoid direct Node access. Prefer using the methods from Testing Library                              testing-library/no-node-access
  133:45  error  Avoid direct Node access. Prefer using the methods from Testing Library                              testing-library/no-node-access
  133:45  error  Avoid direct Node access. Prefer using the methods from Testing Library                              testing-library/no-node-access
  148:46  error  Avoid direct Node access. Prefer using the methods from Testing Library                              testing-library/no-node-access
  148:46  error  Avoid direct Node access. Prefer using the methods from Testing Library                              testing-library/no-node-access
  165:24  error  Avoid direct Node access. Prefer using the methods from Testing Library                              testing-library/no-node-access
  165:24  error  Avoid direct Node access. Prefer using the methods from Testing Library                              testing-library/no-node-access
  169:28  error  Avoid direct Node access. Prefer using the methods from Testing Library                              testing-library/no-node-access
  169:28  error  Avoid direct Node access. Prefer using the methods from Testing Library                              testing-library/no-node-access
  180:12  error  Avoid using container methods. Prefer using the methods from Testing Library, such as "getByRole()"  testing-library/no-container
  180:22  error  Avoid direct Node access. Prefer using the methods from Testing Library                              testing-library/no-node-access
  189:41  error  Avoid direct Node access. Prefer using the methods from Testing Library                              testing-library/no-node-access
  189:41  error  Avoid direct Node access. Prefer using the methods from Testing Library                              testing-library/no-node-access
  193:17  error  Avoid direct Node access. Prefer using the methods from Testing Library                              testing-library/no-node-access

✖ 21 problems (21 errors, 0 warnings)


===== style :: npm run lint:css :: not_run =====

===== build :: npm run build :: not_run =====

===== a11y :: npm run test:a11y :: not_run =====

===== secret-scan :: npm run secret-scan :: not_run =====

===== test :: npm test :: not_run =====

