
> case-authoring-console@0.1.0 build
> vite build

[36mvite v6.4.3 [32mbuilding for production...[36m[39m
transforming...
Found 1 warning while optimizing generated CSS:

[2m│   }[22m
[2m│   .rounded-\[var\(--radius-\*\)\] {[22m
[2m│[22m     border-radius: var(--radius-*);
[2m┆[22m                                 [33m[2m^--[22m Unexpected token Delim('*')[39m
[2m┆[22m
[2m│   }[22m
[2m│   .rounded-full {[22m

[32m✓[39m 1919 modules transformed.
rendering chunks...
computing gzip size...
[2mdist/[22m[32mindex.html                 [39m[1m[2m  0.41 kB[22m[1m[22m[2m │ gzip:   0.27 kB[22m
[2mdist/[22m[2massets/[22m[35mindex-CxySFbfe.css  [39m[1m[2m 29.96 kB[22m[1m[22m[2m │ gzip:   6.65 kB[22m
[2mdist/[22m[2massets/[22m[36mindex-CIBl72C_.js   [39m[1m[33m666.06 kB[39m[22m[2m │ gzip: 200.58 kB[22m
[33m
(!) Some chunks are larger than 500 kB after minification. Consider:
- Using dynamic import() to code-split the application
- Use build.rollupOptions.output.manualChunks to improve chunking: https://rollupjs.org/configuration-options/#output-manualchunks
- Adjust chunk size limit for this warning via build.chunkSizeWarningLimit.[39m
[32m✓ built in 4.43s[39m
