===== install :: npm ci :: passed =====
npm warn deprecated try-resolve@1.0.1: Package no longer supported. Contact Support at https://www.npmjs.com/support for more info.

added 259 packages, and audited 260 packages in 3s

75 packages are looking for funding
  run `npm fund` for details

found 0 vulnerabilities

===== typecheck :: npm run typecheck :: passed =====

> backend@0.1.0 typecheck
> tsc --noEmit


===== lint :: npm run lint :: passed =====

> backend@0.1.0 lint
> eslint .


===== secret-scan :: npm run secret-scan :: passed =====

> backend@0.1.0 secret-scan
> secretlint "**/*"


===== test :: npm test :: passed =====

> backend@0.1.0 test
> vitest run --passWithNoTests


 RUN  v3.2.7 /home/siegfriedneto/projects/siegardtest/src

 ✓ src/__tests__/unit/glossary/vocabulary-modules.spec.ts (2 tests) 12ms
 ✓ src/__tests__/unit/glossary/glossary.service.spec.ts (11 tests) 10ms
 ✓ src/__tests__/unit/dependency-manifest.spec.ts (1 test) 9ms
 ✓ src/__tests__/integration/factories/glossary.factory.spec.ts (2 tests) 29ms
 ✓ src/__tests__/integration/persistence/file-glossary-store.repository.spec.ts (7 tests) 66ms

 Test Files  5 passed (5)
      Tests  23 passed (23)
   Start at  10:43:42
   Duration  716ms (transform 344ms, setup 0ms, collect 672ms, tests 127ms, environment 1ms, prepare 685ms)


