
> backend@0.1.0 typecheck
> tsc --noEmit

src/__tests__/integration/factories/production-diagnose.factory.spec.ts(68,7): error TS2741: Property 'position' is missing in type '{ name: string; criterion: string; collects: string[]; resolution: { outcome: string; referral: { action: string; recipient: string; }; }; }' but required in type 'Hypothesis'.
src/__tests__/unit/case/case-resolution.spec.ts(58,3): error TS2741: Property 'position' is missing in type '{ name: string; criterion: string; collects: readonly string[]; resolution: Resolution; }' but required in type 'Hypothesis'.
src/__tests__/unit/case/case-resolution.spec.ts(102,5): error TS2353: Object literal may only specify known properties, and 'hash' does not exist in type 'Case'.
src/__tests__/unit/case/validate-case-coherence.spec.ts(141,3): error TS2741: Property 'position' is missing in type '{ name: string; criterion: string; collects: readonly string[]; resolution: Resolution; }' but required in type 'Hypothesis'.
src/__tests__/unit/case/validate-case-coherence.spec.ts(156,5): error TS2353: Object literal may only specify known properties, and 'hash' does not exist in type 'Case'.
src/__tests__/unit/factories/production-diagnose.factory.spec.ts(68,18): error TS2741: Property 'position' is missing in type '{ name: string; criterion: string; collects: string[]; resolution: { outcome: string; referral: { action: string; recipient: string; }; }; }' but required in type 'Hypothesis'.
src/__tests__/unit/http/build-app.spec.ts(34,7): error TS2741: Property 'position' is missing in type '{ name: string; criterion: string; collects: string[]; resolution: { outcome: string; referral: { action: string; recipient: string; }; }; }' but required in type 'Hypothesis'.
src/__tests__/unit/http/build-app.spec.ts(41,66): error TS2339: Property 'hash' does not exist on type 'Case'.
src/__tests__/unit/investigation/evidence-collection-stage.spec.ts(47,5): error TS2322: Type '{ name: string; criterion: string; collects: readonly string[]; resolution: { outcome: string; referral: { action: string; recipient: string; }; }; }[]' is not assignable to type 'readonly Hypothesis[]'.
  Property 'position' is missing in type '{ name: string; criterion: string; collects: readonly string[]; resolution: { outcome: string; referral: { action: string; recipient: string; }; }; }' but required in type 'Hypothesis'.
src/__tests__/unit/investigation/investigation-factory.spec.ts(90,3): error TS2741: Property 'position' is missing in type '{ name: string; criterion: string; collects: readonly string[]; resolution: { outcome: string; referral: { action: string; recipient: string; }; }; }' but required in type 'Hypothesis'.
src/__tests__/unit/investigation/investigation-factory.spec.ts(110,5): error TS2353: Object literal may only specify known properties, and 'hash' does not exist in type 'Case'.
src/__tests__/unit/investigation/investigation-factory.spec.ts(467,77): error TS2353: Object literal may only specify known properties, and 'hash' does not exist in type 'Partial<Case>'.
src/__tests__/unit/investigation/investigation-factory.spec.ts(468,77): error TS2353: Object literal may only specify known properties, and 'hash' does not exist in type 'Partial<Case>'.
src/__tests__/unit/investigation/judgment-stage.spec.ts(33,3): error TS2741: Property 'position' is missing in type '{ name: string; criterion: string; collects: readonly string[]; resolution: { outcome: string; referral: { action: string; recipient: string; }; }; }' but required in type 'Hypothesis'.
src/__tests__/unit/investigation/judgment-stage.spec.ts(48,5): error TS2353: Object literal may only specify known properties, and 'hash' does not exist in type 'Case'.
src/__tests__/unit/investigation/judgment-stage.spec.ts(72,5): error TS2353: Object literal may only specify known properties, and 'hash' does not exist in type 'Case'.
src/__tests__/unit/investigation/resolve-and-narrow-input.spec.ts(31,3): error TS2322: Type '{ name: string; position?: number | undefined; criterion: string; collects: readonly string[]; resolution: Resolution; }' is not assignable to type 'Hypothesis'.
  Types of property 'position' are incompatible.
    Type 'number | undefined' is not assignable to type 'number'.
      Type 'undefined' is not assignable to type 'number'.
src/__tests__/unit/investigation/resolve-and-narrow-input.spec.ts(46,5): error TS2353: Object literal may only specify known properties, and 'hash' does not exist in type 'Case'.
src/__tests__/unit/investigation/run-diagnosis.spec.ts(55,3): error TS2741: Property 'position' is missing in type '{ name: string; criterion: string; collects: readonly string[]; resolution: { outcome: string; referral: { action: string; recipient: string; }; }; }' but required in type 'Hypothesis'.
src/__tests__/unit/investigation/run-diagnosis.spec.ts(70,5): error TS2353: Object literal may only specify known properties, and 'hash' does not exist in type 'Case'.
src/__tests__/unit/investigation/run-diagnosis.spec.ts(637,88): error TS2353: Object literal may only specify known properties, and 'hash' does not exist in type 'Partial<Case>'.
src/__tests__/unit/investigation/run-diagnosis.spec.ts(638,88): error TS2353: Object literal may only specify known properties, and 'hash' does not exist in type 'Partial<Case>'.
