===== install :: npm ci :: passed =====
npm warn deprecated try-resolve@1.0.1: Package no longer supported. Contact Support at https://www.npmjs.com/support for more info.
npm warn deprecated whatwg-encoding@3.1.1: Use @exodus/bytes instead for a more spec-conformant and faster implementation
npm warn deprecated eslint@9.39.5: This version is no longer supported. Please see https://eslint.org/version-support for other options.

added 577 packages, and audited 578 packages in 6s

196 packages are looking for funding
  run `npm fund` for details

found 0 vulnerabilities

===== typecheck :: npm run typecheck :: passed =====

> case-authoring-console@0.1.0 typecheck
> tsc --noEmit


===== lint :: npm run lint :: failed =====

> case-authoring-console@0.1.0 lint
> eslint .


/home/siegfriedneto/projects/servicedeskn1/frontend/app/src/shared/components/json-textarea-field.spec.ts
   57:28  error  Do not use any type assertions                                                                                                                  @typescript-eslint/consistent-type-assertions
  118:11  error  `first` is not a recommended name for `render` returned value. Instead, you should destructure it, or name it using one of: `view`, or `utils`  testing-library/render-result-naming-convention

✖ 2 problems (2 errors, 0 warnings)


===== style :: npm run lint:css :: not_run =====

===== build :: npm run build :: not_run =====

===== a11y :: npm run test:a11y :: not_run =====

===== secret-scan :: npm run secret-scan :: not_run =====

===== test :: npm test :: not_run =====

