npm error code EUSAGE
npm error
npm error `npm ci` can only install packages when your package.json and package-lock.json or npm-shrinkwrap.json are in sync. Please update your lock file with `npm install` before continuing.
npm error
npm error Missing: pg@8.23.0 from lock file
npm error Missing: pg-cloudflare@1.4.0 from lock file
npm error Missing: pg-connection-string@2.14.0 from lock file
npm error Missing: pg-pool@3.14.0 from lock file
npm error Missing: pg-protocol@1.16.0 from lock file
npm error Missing: pg-types@2.2.0 from lock file
npm error Missing: pgpass@1.0.5 from lock file
npm error Missing: pg-int8@1.0.1 from lock file
npm error Missing: postgres-array@2.0.0 from lock file
npm error Missing: postgres-bytea@1.0.1 from lock file
npm error Missing: postgres-date@1.0.7 from lock file
npm error Missing: postgres-interval@1.2.0 from lock file
npm error Missing: xtend@4.0.2 from lock file
npm error
npm error Clean install a project
npm error
npm error Usage:
npm error npm ci
npm error
npm error Options:
npm error [--install-strategy <hoisted|nested|shallow|linked>] [--legacy-bundling]
npm error [--global-style] [--omit <dev|optional|peer> [--omit <dev|optional|peer> ...]]
npm error [--include <prod|dev|optional|peer> [--include <prod|dev|optional|peer> ...]]
npm error [--strict-peer-deps] [--foreground-scripts] [--ignore-scripts] [--no-audit]
npm error [--no-bin-links] [--no-fund] [--dry-run]
npm error [-w|--workspace <workspace-name> [-w|--workspace <workspace-name> ...]]
npm error [-ws|--workspaces] [--include-workspace-root] [--install-links]
npm error
npm error aliases: clean-install, ic, install-clean, isntall-clean
npm error
npm error Run "npm help ci" for more info
npm error A complete log of this run can be found in: /home/siegfriedneto/.npm/_logs/2026-08-12T02_54_46_271Z-debug-0.log
