===== install :: npm ci :: passed =====
npm warn deprecated try-resolve@1.0.1: Package no longer supported. Contact Support at https://www.npmjs.com/support for more info.
npm warn deprecated node-domexception@1.0.0: Use your platform's native DOMException instead

added 358 packages, and audited 359 packages in 9s

98 packages are looking for funding
  run `npm fund` for details

found 0 vulnerabilities

===== typecheck :: npm run typecheck :: passed =====

> servicedeskn1@0.1.0 typecheck
> tsc --noEmit


===== lint :: npm run lint :: failed =====

> servicedeskn1@0.1.0 lint
> eslint .


/home/siegfriedneto/projects/wt-consolidation-call-record-chain-hotfix/src/src/__tests__/unit/http/simulate-case.controller.spec.ts
  53:1  error  Function 'completeRecord' has too many lines (37). Maximum allowed is 30  max-lines-per-function

/home/siegfriedneto/projects/wt-consolidation-call-record-chain-hotfix/src/src/__tests__/unit/investigation/run-diagnosis.spec.ts
  962:1  error  Async function 'durationsForOneRun' has too many lines (31). Maximum allowed is 30  max-lines-per-function

/home/siegfriedneto/projects/wt-consolidation-call-record-chain-hotfix/src/src/__tests__/unit/persistence/relational-investigation-store.repository.spec.ts
  59:1  error  Function 'investigationRow' has too many lines (31). Maximum allowed is 30  max-lines-per-function

✖ 3 problems (3 errors, 0 warnings)


===== secret-scan :: npm run secret-scan :: not_run =====

