===== install :: npm ci :: passed =====
npm warn deprecated try-resolve@1.0.1: Package no longer supported. Contact Support at https://www.npmjs.com/support for more info.
npm warn deprecated node-domexception@1.0.0: Use your platform's native DOMException instead

added 358 packages, and audited 359 packages in 5s

98 packages are looking for funding
  run `npm fund` for details

found 0 vulnerabilities
npm notice
npm notice New major version of npm available! 10.9.8 -> 12.0.2
npm notice Changelog: https://github.com/npm/cli/releases/tag/v12.0.2
npm notice To update run: npm install -g npm@12.0.2
npm notice

===== typecheck :: npm run typecheck :: passed =====

> backend@0.1.0 typecheck
> tsc --noEmit


===== lint :: npm run lint :: passed =====

> backend@0.1.0 lint
> eslint .


===== secret-scan :: npm run secret-scan :: passed =====

> backend@0.1.0 secret-scan
> secretlint "**/*"


