
> servicedeskn1@0.1.0 typecheck
> tsc --noEmit

src/__tests__/unit/case/case-query.service.spec.ts(93,16): error TS2416: Property 'findDraftVersion' in type 'FakeCaseStore' is not assignable to the same property in base type 'ICaseStore'.
  Type '(slug: string) => Promise<number | undefined>' is not assignable to type '(slug: string) => Promise<DraftVersion | undefined>'.
    Type 'Promise<number | undefined>' is not assignable to type 'Promise<DraftVersion | undefined>'.
      Type 'number | undefined' is not assignable to type 'DraftVersion | undefined'.
        Type 'number' is not assignable to type 'DraftVersion'.
src/__tests__/unit/case/case-query.service.spec.ts(418,40): error TS2345: Argument of type 'FakeCaseStore' is not assignable to parameter of type 'ICaseStore'.
  The types returned by 'findDraftVersion(...)' are incompatible between these types.
    Type 'Promise<number | undefined>' is not assignable to type 'Promise<DraftVersion | undefined>'.
      Type 'number | undefined' is not assignable to type 'DraftVersion | undefined'.
        Type 'number' is not assignable to type 'DraftVersion'.
src/__tests__/unit/case/case-query.service.spec.ts(447,40): error TS2345: Argument of type 'FakeCaseStore' is not assignable to parameter of type 'ICaseStore'.
  The types returned by 'findDraftVersion(...)' are incompatible between these types.
    Type 'Promise<number | undefined>' is not assignable to type 'Promise<DraftVersion | undefined>'.
      Type 'number | undefined' is not assignable to type 'DraftVersion | undefined'.
        Type 'number' is not assignable to type 'DraftVersion'.
src/__tests__/unit/case/case-query.service.spec.ts(458,40): error TS2345: Argument of type 'FakeCaseStore' is not assignable to parameter of type 'ICaseStore'.
  The types returned by 'findDraftVersion(...)' are incompatible between these types.
    Type 'Promise<number | undefined>' is not assignable to type 'Promise<DraftVersion | undefined>'.
      Type 'number | undefined' is not assignable to type 'DraftVersion | undefined'.
        Type 'number' is not assignable to type 'DraftVersion'.
src/__tests__/unit/case/case-query.service.spec.ts(466,40): error TS2345: Argument of type 'FakeCaseStore' is not assignable to parameter of type 'ICaseStore'.
  The types returned by 'findDraftVersion(...)' are incompatible between these types.
    Type 'Promise<number | undefined>' is not assignable to type 'Promise<DraftVersion | undefined>'.
      Type 'number | undefined' is not assignable to type 'DraftVersion | undefined'.
        Type 'number' is not assignable to type 'DraftVersion'.
src/__tests__/unit/case/case-query.service.spec.ts(477,40): error TS2345: Argument of type 'FakeCaseStore' is not assignable to parameter of type 'ICaseStore'.
  The types returned by 'findDraftVersion(...)' are incompatible between these types.
    Type 'Promise<number | undefined>' is not assignable to type 'Promise<DraftVersion | undefined>'.
      Type 'number | undefined' is not assignable to type 'DraftVersion | undefined'.
        Type 'number' is not assignable to type 'DraftVersion'.
src/__tests__/unit/case/case-query.service.spec.ts(492,40): error TS2345: Argument of type 'FakeCaseStore' is not assignable to parameter of type 'ICaseStore'.
  The types returned by 'findDraftVersion(...)' are incompatible between these types.
    Type 'Promise<number | undefined>' is not assignable to type 'Promise<DraftVersion | undefined>'.
      Type 'number | undefined' is not assignable to type 'DraftVersion | undefined'.
        Type 'number' is not assignable to type 'DraftVersion'.
src/__tests__/unit/case/case-query.service.spec.ts(507,40): error TS2345: Argument of type 'FakeCaseStore' is not assignable to parameter of type 'ICaseStore'.
  The types returned by 'findDraftVersion(...)' are incompatible between these types.
    Type 'Promise<number | undefined>' is not assignable to type 'Promise<DraftVersion | undefined>'.
      Type 'number | undefined' is not assignable to type 'DraftVersion | undefined'.
        Type 'number' is not assignable to type 'DraftVersion'.
src/__tests__/unit/case/case-query.service.spec.ts(526,40): error TS2345: Argument of type 'FakeCaseStore' is not assignable to parameter of type 'ICaseStore'.
  The types returned by 'findDraftVersion(...)' are incompatible between these types.
    Type 'Promise<number | undefined>' is not assignable to type 'Promise<DraftVersion | undefined>'.
      Type 'number | undefined' is not assignable to type 'DraftVersion | undefined'.
        Type 'number' is not assignable to type 'DraftVersion'.
src/__tests__/unit/case/case-query.service.spec.ts(546,42): error TS2345: Argument of type 'FakeCaseStore' is not assignable to parameter of type 'ICaseStore'.
  The types returned by 'findDraftVersion(...)' are incompatible between these types.
    Type 'Promise<number | undefined>' is not assignable to type 'Promise<DraftVersion | undefined>'.
      Type 'number | undefined' is not assignable to type 'DraftVersion | undefined'.
        Type 'number' is not assignable to type 'DraftVersion'.
src/__tests__/unit/case/case-query.service.spec.ts(564,40): error TS2345: Argument of type 'FakeCaseStore' is not assignable to parameter of type 'ICaseStore'.
  The types returned by 'findDraftVersion(...)' are incompatible between these types.
    Type 'Promise<number | undefined>' is not assignable to type 'Promise<DraftVersion | undefined>'.
      Type 'number | undefined' is not assignable to type 'DraftVersion | undefined'.
        Type 'number' is not assignable to type 'DraftVersion'.
src/__tests__/unit/case/case-query.service.spec.ts(573,40): error TS2345: Argument of type 'FakeCaseStore' is not assignable to parameter of type 'ICaseStore'.
  The types returned by 'findDraftVersion(...)' are incompatible between these types.
    Type 'Promise<number | undefined>' is not assignable to type 'Promise<DraftVersion | undefined>'.
      Type 'number | undefined' is not assignable to type 'DraftVersion | undefined'.
        Type 'number' is not assignable to type 'DraftVersion'.
src/__tests__/unit/case/case-query.service.spec.ts(586,40): error TS2345: Argument of type 'FakeCaseStore' is not assignable to parameter of type 'ICaseStore'.
  The types returned by 'findDraftVersion(...)' are incompatible between these types.
    Type 'Promise<number | undefined>' is not assignable to type 'Promise<DraftVersion | undefined>'.
      Type 'number | undefined' is not assignable to type 'DraftVersion | undefined'.
        Type 'number' is not assignable to type 'DraftVersion'.
src/__tests__/unit/case/case-query.service.spec.ts(598,40): error TS2345: Argument of type 'FakeCaseStore' is not assignable to parameter of type 'ICaseStore'.
  The types returned by 'findDraftVersion(...)' are incompatible between these types.
    Type 'Promise<number | undefined>' is not assignable to type 'Promise<DraftVersion | undefined>'.
      Type 'number | undefined' is not assignable to type 'DraftVersion | undefined'.
        Type 'number' is not assignable to type 'DraftVersion'.
src/__tests__/unit/case/case-query.service.spec.ts(601,52): error TS2345: Argument of type 'FakeCaseStore' is not assignable to parameter of type 'ICaseStore'.
  The types returned by 'findDraftVersion(...)' are incompatible between these types.
    Type 'Promise<number | undefined>' is not assignable to type 'Promise<DraftVersion | undefined>'.
      Type 'number | undefined' is not assignable to type 'DraftVersion | undefined'.
        Type 'number' is not assignable to type 'DraftVersion'.
src/__tests__/unit/case/case-query.service.spec.ts(611,40): error TS2345: Argument of type 'FakeCaseStore' is not assignable to parameter of type 'ICaseStore'.
  The types returned by 'findDraftVersion(...)' are incompatible between these types.
    Type 'Promise<number | undefined>' is not assignable to type 'Promise<DraftVersion | undefined>'.
      Type 'number | undefined' is not assignable to type 'DraftVersion | undefined'.
        Type 'number' is not assignable to type 'DraftVersion'.
src/__tests__/unit/case/case-query.service.spec.ts(614,52): error TS2345: Argument of type 'FakeCaseStore' is not assignable to parameter of type 'ICaseStore'.
  The types returned by 'findDraftVersion(...)' are incompatible between these types.
    Type 'Promise<number | undefined>' is not assignable to type 'Promise<DraftVersion | undefined>'.
      Type 'number | undefined' is not assignable to type 'DraftVersion | undefined'.
        Type 'number' is not assignable to type 'DraftVersion'.
src/__tests__/unit/case/case-query.service.spec.ts(622,48): error TS2345: Argument of type 'FakeCaseStore' is not assignable to parameter of type 'ICaseStore'.
  The types returned by 'findDraftVersion(...)' are incompatible between these types.
    Type 'Promise<number | undefined>' is not assignable to type 'Promise<DraftVersion | undefined>'.
      Type 'number | undefined' is not assignable to type 'DraftVersion | undefined'.
        Type 'number' is not assignable to type 'DraftVersion'.
src/__tests__/unit/case/case-query.service.spec.ts(628,40): error TS2345: Argument of type 'FakeCaseStore' is not assignable to parameter of type 'ICaseStore'.
  The types returned by 'findDraftVersion(...)' are incompatible between these types.
    Type 'Promise<number | undefined>' is not assignable to type 'Promise<DraftVersion | undefined>'.
      Type 'number | undefined' is not assignable to type 'DraftVersion | undefined'.
        Type 'number' is not assignable to type 'DraftVersion'.
src/__tests__/unit/case/case-query.service.spec.ts(631,52): error TS2345: Argument of type 'FakeCaseStore' is not assignable to parameter of type 'ICaseStore'.
  The types returned by 'findDraftVersion(...)' are incompatible between these types.
    Type 'Promise<number | undefined>' is not assignable to type 'Promise<DraftVersion | undefined>'.
      Type 'number | undefined' is not assignable to type 'DraftVersion | undefined'.
        Type 'number' is not assignable to type 'DraftVersion'.
src/__tests__/unit/case/case-query.service.spec.ts(640,52): error TS2345: Argument of type 'FakeCaseStore' is not assignable to parameter of type 'ICaseStore'.
  The types returned by 'findDraftVersion(...)' are incompatible between these types.
    Type 'Promise<number | undefined>' is not assignable to type 'Promise<DraftVersion | undefined>'.
      Type 'number | undefined' is not assignable to type 'DraftVersion | undefined'.
        Type 'number' is not assignable to type 'DraftVersion'.
src/__tests__/unit/case/case-query.service.spec.ts(670,52): error TS2345: Argument of type 'FakeCaseStore' is not assignable to parameter of type 'ICaseStore'.
  The types returned by 'findDraftVersion(...)' are incompatible between these types.
    Type 'Promise<number | undefined>' is not assignable to type 'Promise<DraftVersion | undefined>'.
      Type 'number | undefined' is not assignable to type 'DraftVersion | undefined'.
        Type 'number' is not assignable to type 'DraftVersion'.
src/__tests__/unit/case/case-query.service.spec.ts(680,57): error TS2345: Argument of type 'FakeCaseStore' is not assignable to parameter of type 'ICaseStore'.
  The types returned by 'findDraftVersion(...)' are incompatible between these types.
    Type 'Promise<number | undefined>' is not assignable to type 'Promise<DraftVersion | undefined>'.
      Type 'number | undefined' is not assignable to type 'DraftVersion | undefined'.
        Type 'number' is not assignable to type 'DraftVersion'.
src/__tests__/unit/case/case-query.service.spec.ts(690,40): error TS2345: Argument of type 'FakeCaseStore' is not assignable to parameter of type 'ICaseStore'.
  The types returned by 'findDraftVersion(...)' are incompatible between these types.
    Type 'Promise<number | undefined>' is not assignable to type 'Promise<DraftVersion | undefined>'.
      Type 'number | undefined' is not assignable to type 'DraftVersion | undefined'.
        Type 'number' is not assignable to type 'DraftVersion'.
src/__tests__/unit/case/case-query.service.spec.ts(706,40): error TS2345: Argument of type 'FakeCaseStore' is not assignable to parameter of type 'ICaseStore'.
  The types returned by 'findDraftVersion(...)' are incompatible between these types.
    Type 'Promise<number | undefined>' is not assignable to type 'Promise<DraftVersion | undefined>'.
      Type 'number | undefined' is not assignable to type 'DraftVersion | undefined'.
        Type 'number' is not assignable to type 'DraftVersion'.
src/__tests__/unit/case/case-query.service.spec.ts(723,40): error TS2345: Argument of type 'FakeCaseStore' is not assignable to parameter of type 'ICaseStore'.
  The types returned by 'findDraftVersion(...)' are incompatible between these types.
    Type 'Promise<number | undefined>' is not assignable to type 'Promise<DraftVersion | undefined>'.
      Type 'number | undefined' is not assignable to type 'DraftVersion | undefined'.
        Type 'number' is not assignable to type 'DraftVersion'.
src/__tests__/unit/case/case-query.service.spec.ts(735,40): error TS2345: Argument of type 'FakeCaseStore' is not assignable to parameter of type 'ICaseStore'.
  The types returned by 'findDraftVersion(...)' are incompatible between these types.
    Type 'Promise<number | undefined>' is not assignable to type 'Promise<DraftVersion | undefined>'.
      Type 'number | undefined' is not assignable to type 'DraftVersion | undefined'.
        Type 'number' is not assignable to type 'DraftVersion'.
src/__tests__/unit/case/case-query.service.spec.ts(746,40): error TS2345: Argument of type 'FakeCaseStore' is not assignable to parameter of type 'ICaseStore'.
  The types returned by 'findDraftVersion(...)' are incompatible between these types.
    Type 'Promise<number | undefined>' is not assignable to type 'Promise<DraftVersion | undefined>'.
      Type 'number | undefined' is not assignable to type 'DraftVersion | undefined'.
        Type 'number' is not assignable to type 'DraftVersion'.
src/__tests__/unit/case/case-query.service.spec.ts(757,40): error TS2345: Argument of type 'FakeCaseStore' is not assignable to parameter of type 'ICaseStore'.
  The types returned by 'findDraftVersion(...)' are incompatible between these types.
    Type 'Promise<number | undefined>' is not assignable to type 'Promise<DraftVersion | undefined>'.
      Type 'number | undefined' is not assignable to type 'DraftVersion | undefined'.
        Type 'number' is not assignable to type 'DraftVersion'.
