===== install :: npm ci :: passed =====
npm warn deprecated try-resolve@1.0.1: Package no longer supported. Contact Support at https://www.npmjs.com/support for more info.
npm warn deprecated whatwg-encoding@3.1.1: Use @exodus/bytes instead for a more spec-conformant and faster implementation
npm warn deprecated eslint@9.39.5: This version is no longer supported. Please see https://eslint.org/version-support for other options.

> case-authoring-console@0.1.0 postinstall
> node scripts/dedupe-tui-react.mjs

dedupe-tui-react: react already deduped
dedupe-tui-react: react-dom already deduped

added 577 packages, and audited 578 packages in 19s

196 packages are looking for funding
  run `npm fund` for details

found 0 vulnerabilities

===== typecheck :: npm run typecheck :: failed =====

> case-authoring-console@0.1.0 typecheck
> tsc --noEmit

src/hooks/use-simulation-subject.spec.ts(32,41): error TS2554: Expected 3 arguments, but got 1.
src/hooks/use-simulation-subject.spec.ts(62,41): error TS2554: Expected 3 arguments, but got 1.
src/hooks/use-simulation-subject.spec.ts(88,41): error TS2554: Expected 3 arguments, but got 1.
src/hooks/use-simulation-subject.spec.ts(109,41): error TS2554: Expected 3 arguments, but got 1.
src/hooks/use-simulation-subject.spec.ts(123,41): error TS2554: Expected 3 arguments, but got 1.
src/hooks/use-simulation-subject.spec.ts(137,41): error TS2554: Expected 3 arguments, but got 1.
src/hooks/use-simulation-subject.spec.ts(154,41): error TS2554: Expected 3 arguments, but got 1.
src/hooks/use-simulation-subject.spec.ts(173,54): error TS2554: Expected 3 arguments, but got 1.
src/hooks/use-simulation-subject.spec.ts(176,55): error TS2554: Expected 3 arguments, but got 1.
src/hooks/use-simulation-subject.spec.ts(212,41): error TS2554: Expected 3 arguments, but got 1.
src/hooks/use-simulation-subject.spec.ts(233,41): error TS2554: Expected 3 arguments, but got 1.
src/hooks/use-simulation-subject.spec.ts(244,41): error TS2554: Expected 3 arguments, but got 1.
src/hooks/use-simulation-subject.test-support.ts(48,3): error TS2353: Object literal may only specify known properties, and 'manifest' does not exist in type 'SimulationSubjectSource'.
src/hooks/use-simulation-subject.test-support.ts(54,3): error TS2353: Object literal may only specify known properties, and 'manifest' does not exist in type 'SimulationSubjectSource'.
src/routes/case-simulation-subject-panel.spec.ts(92,13): error TS2353: Object literal may only specify known properties, and 'connector' does not exist in type 'Partial<SimulationRequiredField>'.
src/routes/case-simulation-subject-panel.spec.ts(108,13): error TS2353: Object literal may only specify known properties, and 'connector' does not exist in type 'Partial<SimulationRequiredField>'.
src/routes/case-simulation-subject-panel.spec.ts(113,13): error TS2353: Object literal may only specify known properties, and 'connector' does not exist in type 'Partial<SimulationRequiredField>'.
src/routes/case-simulation-subject-panel.spec.ts(133,13): error TS2353: Object literal may only specify known properties, and 'inputSchemaHint' does not exist in type 'Partial<SimulationRequiredField>'.
src/routes/case-simulation-subject-panel.spec.ts(146,62): error TS2353: Object literal may only specify known properties, and 'inputSchemaHint' does not exist in type 'Partial<SimulationRequiredField>'.
src/routes/case-simulation-subject-panel.spec.ts(147,65): error TS2353: Object literal may only specify known properties, and 'inputSchemaHint' does not exist in type 'Partial<SimulationRequiredField>'.
src/routes/case-simulation-subject-panel.spec.ts(166,83): error TS2353: Object literal may only specify known properties, and 'inputSchemaHint' does not exist in type 'Partial<SimulationRequiredField>'.
src/routes/case-simulation-subject-panel.test-support.ts(91,5): error TS2353: Object literal may only specify known properties, and 'connector' does not exist in type 'SimulationRequiredField'.
src/services/simulation-subject-derivation.spec.ts(3,3): error TS2305: Module '"./simulation-subject-derivation"' has no exported member 'collectionPlanFromManifest'.
src/services/simulation-subject-derivation.spec.ts(4,3): error TS2305: Module '"./simulation-subject-derivation"' has no exported member 'deriveRequiredFields'.

===== lint :: npm run lint :: not_run =====

===== style :: npm run lint:css :: not_run =====

===== build :: npm run build :: not_run =====

===== a11y :: npm run test:a11y :: not_run =====

===== secret-scan :: npm run secret-scan :: not_run =====

