===== install :: npm ci :: passed =====
npm warn deprecated try-resolve@1.0.1: Package no longer supported. Contact Support at https://www.npmjs.com/support for more info.
npm warn deprecated whatwg-encoding@3.1.1: Use @exodus/bytes instead for a more spec-conformant and faster implementation
npm warn deprecated eslint@9.39.5: This version is no longer supported. Please see https://eslint.org/version-support for other options.

> case-authoring-console@0.1.0 postinstall
> node scripts/dedupe-tui-react.mjs

dedupe-tui-react: react already deduped
dedupe-tui-react: react-dom already deduped

added 577 packages, and audited 578 packages in 13s

196 packages are looking for funding
  run `npm fund` for details

found 0 vulnerabilities

===== typecheck :: npm run typecheck :: failed =====

> case-authoring-console@0.1.0 typecheck
> tsc --noEmit

src/routes/case-simulation-cockpit-adapters-stale.spec.ts(51,12): error TS2554: Expected 2 arguments, but got 1.
src/routes/case-simulation-cockpit-adapters-stale.spec.ts(62,12): error TS2554: Expected 2 arguments, but got 1.
src/routes/case-simulation-cockpit-adapters.spec.ts(109,24): error TS2554: Expected 2 arguments, but got 1.
src/routes/case-simulation-cockpit-adapters.spec.ts(123,24): error TS2554: Expected 2 arguments, but got 1.
src/routes/case-simulation-cockpit-adapters.spec.ts(227,12): error TS2554: Expected 1 arguments, but got 0.
src/routes/case-simulation-detail-panel-comment-cites-the-current-nodes.spec.ts(83,12): error TS2554: Expected 1 arguments, but got 0.

===== lint :: npm run lint :: not_run =====

===== style :: npm run lint:css :: not_run =====

===== build :: npm run build :: not_run =====

===== a11y :: npm run test:a11y :: not_run =====

===== secret-scan :: npm run secret-scan :: not_run =====

