===== install :: npm ci :: passed =====
npm warn deprecated try-resolve@1.0.1: Package no longer supported. Contact Support at https://www.npmjs.com/support for more info.
npm warn deprecated node-domexception@1.0.0: Use your platform's native DOMException instead

added 358 packages, and audited 359 packages in 7s

98 packages are looking for funding
  run `npm fund` for details

5 vulnerabilities (3 moderate, 2 high)

To address issues that do not require attention, run:
  npm audit fix

To address all issues (including breaking changes), run:
  npm audit fix --force

Run `npm audit` for details.

===== typecheck :: npm run typecheck :: failed =====

> servicedeskn1@0.1.0 typecheck
> tsc --noEmit

src/__tests__/integration/case/release.operation.spec.ts(11,54): error TS2307: Cannot find module '../../database-test-helpers.js' or its corresponding type declarations.
src/__tests__/integration/factories/case-query.factory.spec.ts(12,54): error TS2307: Cannot find module '../../database-test-helpers.js' or its corresponding type declarations.

===== lint :: npm run lint :: not_run =====

===== secret-scan :: npm run secret-scan :: not_run =====

===== test-unit :: node --env-file=.env.test node_modules/.bin/vitest run src/__tests__/unit :: not_run =====

===== test :: npm test :: not_run =====

