===== install :: npm ci :: passed =====
npm warn deprecated try-resolve@1.0.1: Package no longer supported. Contact Support at https://www.npmjs.com/support for more info.

added 259 packages, and audited 260 packages in 4s

75 packages are looking for funding
  run `npm fund` for details

found 0 vulnerabilities

===== typecheck :: npm run typecheck :: passed =====

> backend@0.1.0 typecheck
> tsc --noEmit


===== lint :: npm run lint :: passed =====

> backend@0.1.0 lint
> eslint .


===== secret-scan :: npm run secret-scan :: passed =====

> backend@0.1.0 secret-scan
> secretlint "**/*"


===== test :: npm test :: passed =====

> backend@0.1.0 test
> vitest run --passWithNoTests


 RUN  v3.2.7 /home/siegfriedneto/projects/siegardtest/src

 ✓ src/__tests__/unit/case/case-resolution.spec.ts (13 tests) 11ms
 ✓ src/__tests__/unit/glossary/vocabulary-modules.spec.ts (2 tests) 15ms
 ✓ src/__tests__/unit/case/case-document-modules.spec.ts (2 tests) 14ms
 ✓ src/__tests__/unit/case/parse-case-document.spec.ts (34 tests) 29ms
 ✓ src/__tests__/unit/glossary/glossary-query.port.spec.ts (8 tests) 22ms
 ✓ src/__tests__/unit/glossary/glossary.service.spec.ts (11 tests) 17ms
 ✓ src/__tests__/unit/capability-registry/capability-registry.service.spec.ts (18 tests) 21ms
 ✓ src/__tests__/unit/capability-registry/capability-query.port.spec.ts (10 tests) 22ms
 ✓ src/__tests__/integration/capability-registry/capability-query.port.spec.ts (3 tests) 37ms
 ✓ src/__tests__/integration/persistence/file-capability-store.repository.spec.ts (8 tests) 87ms
 ✓ src/__tests__/integration/persistence/file-glossary-store.repository.spec.ts (7 tests) 105ms
 ✓ src/__tests__/unit/capability-registry/no-network-persistence.spec.ts (1 test) 28ms
 ✓ src/__tests__/integration/factories/capability-registry.factory.spec.ts (2 tests) 35ms
 ✓ src/__tests__/integration/glossary/glossary-query.port.spec.ts (3 tests) 45ms
 ✓ src/__tests__/unit/dependency-manifest.spec.ts (1 test) 24ms
 ✓ src/__tests__/integration/factories/glossary.factory.spec.ts (2 tests) 24ms

 Test Files  16 passed (16)
      Tests  125 passed (125)
   Start at  17:31:27
   Duration  1.47s (transform 1.39s, setup 0ms, collect 3.43s, tests 536ms, environment 6ms, prepare 2.92s)


