===== install :: npm ci :: passed =====
npm warn deprecated try-resolve@1.0.1: Package no longer supported. Contact Support at https://www.npmjs.com/support for more info.
npm warn deprecated eslint@9.39.5: This version is no longer supported. Please see https://eslint.org/version-support for other options.

added 520 packages, and audited 521 packages in 6s

182 packages are looking for funding
  run `npm fund` for details

found 0 vulnerabilities

===== typecheck :: npm run typecheck :: passed =====

> case-authoring-console@0.1.0 typecheck
> tsc --noEmit


===== lint :: npm run lint :: failed =====

> case-authoring-console@0.1.0 lint
> eslint .

Warning: React version not specified in eslint-plugin-react settings. See https://github.com/jsx-eslint/eslint-plugin-react#configuration .

/home/siegfriedneto/projects/siegardtest/frontend/app/src/app.tsx
  11:8  error  Missing return type on function  @typescript-eslint/explicit-module-boundary-types

✖ 1 problem (1 error, 0 warnings)


===== style :: npm run lint:css :: not_run =====

===== build :: npm run build :: not_run =====

===== a11y :: npm run test:a11y :: not_run =====

===== secret-scan :: npm run secret-scan :: not_run =====

