===== install :: npm ci :: passed =====
npm warn deprecated try-resolve@1.0.1: Package no longer supported. Contact Support at https://www.npmjs.com/support for more info.
npm warn deprecated whatwg-encoding@3.1.1: Use @exodus/bytes instead for a more spec-conformant and faster implementation
npm warn deprecated eslint@9.39.5: This version is no longer supported. Please see https://eslint.org/version-support for other options.

> case-authoring-console@0.1.0 postinstall
> node scripts/dedupe-tui-react.mjs

dedupe-tui-react: react already deduped
dedupe-tui-react: react-dom already deduped

added 577 packages, and audited 578 packages in 7s

196 packages are looking for funding
  run `npm fund` for details

2 high severity vulnerabilities

To address all issues, run:
  npm audit fix

Run `npm audit` for details.

===== typecheck :: npm run typecheck :: failed =====

> case-authoring-console@0.1.0 typecheck
> tsc --noEmit

src/hooks/use-draft-connector-configuration-from-openapi.spec.ts(26,7): error TS2739: Type '{ connector: string; configuration: string; unresolved: { name: string; reason: string; }[]; generated_credentials: { name: string; security_scheme: string; }[]; method_mismatch: { registered: string; operation: string; }; }' is missing the following properties from type 'ConnectorConfigurationDraft': status_readings, response_fields, reading_notes
src/hooks/use-draft-connector-configuration-from-openapi.spec.ts(34,7): error TS2739: Type '{ connector: string; configuration: string; unresolved: never[]; generated_credentials: never[]; }' is missing the following properties from type 'ConnectorConfigurationDraft': status_readings, response_fields, reading_notes
src/routes/connector-configuration-helper-fields-apply.spec.ts(36,7): error TS2739: Type '{ connector: string; configuration: string; unresolved: never[]; generated_credentials: never[]; }' is missing the following properties from type 'ConnectorConfigurationDraft': status_readings, response_fields, reading_notes
src/routes/connector-configuration-helper-fields.spec.ts(38,7): error TS2739: Type '{ connector: string; configuration: string; unresolved: never[]; generated_credentials: never[]; }' is missing the following properties from type 'ConnectorConfigurationDraft': status_readings, response_fields, reading_notes
src/services/connector-configuration-draft-disclosure.spec.ts(9,7): error TS2739: Type '{ connector: string; configuration: string; unresolved: never[]; generated_credentials: never[]; }' is missing the following properties from type 'ConnectorConfigurationDraft': status_readings, response_fields, reading_notes

===== lint :: npm run lint :: not_run =====

===== style :: npm run lint:css :: not_run =====

===== build :: npm run build :: not_run =====

===== a11y :: npm run test:a11y :: not_run =====

===== secret-scan :: npm run secret-scan :: not_run =====

