===== install :: npm ci :: passed =====
npm warn deprecated try-resolve@1.0.1: Package no longer supported. Contact Support at https://www.npmjs.com/support for more info.
npm warn deprecated node-domexception@1.0.0: Use your platform's native DOMException instead

added 358 packages, and audited 359 packages in 4s

98 packages are looking for funding
  run `npm fund` for details

found 0 vulnerabilities

===== typecheck :: npm run typecheck :: passed =====

> backend@0.1.0 typecheck
> tsc --noEmit


===== lint :: npm run lint :: failed =====

> backend@0.1.0 lint
> eslint .


/home/siegfriedneto/projects/siegardtest/src/src/__tests__/integration/factories/production-diagnose.factory.spec.ts
  105:1  error  Function 'callFor' has too many parameters (4). Maximum allowed is 3  max-params

/home/siegfriedneto/projects/siegardtest/src/src/__tests__/integration/factories/store-wiring.spec.ts
  164:3  error  Async arrow function has too many lines (32). Maximum allowed is 30  max-lines-per-function

✖ 2 problems (2 errors, 0 warnings)


===== secret-scan :: npm run secret-scan :: not_run =====

===== test :: npm test :: not_run =====

