===== install :: npm ci :: passed =====
npm warn deprecated try-resolve@1.0.1: Package no longer supported. Contact Support at https://www.npmjs.com/support for more info.
npm warn deprecated whatwg-encoding@3.1.1: Use @exodus/bytes instead for a more spec-conformant and faster implementation
npm warn deprecated eslint@9.39.5: This version is no longer supported. Please see https://eslint.org/version-support for other options.

added 571 packages, and audited 572 packages in 6s

192 packages are looking for funding
  run `npm fund` for details

found 0 vulnerabilities

===== typecheck :: npm run typecheck :: passed =====

> case-authoring-console@0.1.0 typecheck
> tsc --noEmit


===== lint :: npm run lint :: passed =====

> case-authoring-console@0.1.0 lint
> eslint .


===== style :: npm run lint:css :: passed =====

> case-authoring-console@0.1.0 lint:css
> stylelint "src/**/*.css"


===== build :: npm run build :: passed =====

> case-authoring-console@0.1.0 build
> vite build

vite v6.4.3 building for production...
transforming...
✓ 121 modules transformed.
rendering chunks...
computing gzip size...
dist/index.html                   0.41 kB │ gzip:  0.28 kB
dist/assets/index-DlOkDzzZ.css    6.95 kB │ gzip:  2.43 kB
dist/assets/index-XbbQwJl4.js   278.22 kB │ gzip: 89.50 kB
✓ built in 1.09s

===== a11y :: npm run test:a11y :: passed =====

> case-authoring-console@0.1.0 test:a11y
> playwright test --pass-with-no-tests



===== secret-scan :: npm run secret-scan :: passed =====

> case-authoring-console@0.1.0 secret-scan
> secretlint "**/*"


===== test :: npm test :: passed =====

> case-authoring-console@0.1.0 test
> vitest run --passWithNoTests


 RUN  v4.1.11 /home/siegfriedneto/projects/siegardtest/frontend/app


 Test Files  5 passed (5)
      Tests  44 passed (44)
   Start at  03:37:05
   Duration  1.09s (transform 316ms, setup 0ms, import 845ms, tests 247ms, environment 2.84s)


