===== install :: npm ci :: passed =====
npm warn deprecated try-resolve@1.0.1: Package no longer supported. Contact Support at https://www.npmjs.com/support for more info.
npm warn deprecated whatwg-encoding@3.1.1: Use @exodus/bytes instead for a more spec-conformant and faster implementation
npm warn deprecated eslint@9.39.5: This version is no longer supported. Please see https://eslint.org/version-support for other options.

> case-authoring-console@0.1.0 postinstall
> node scripts/dedupe-tui-react.mjs

dedupe-tui-react: react already deduped
dedupe-tui-react: react-dom already deduped

added 600 packages, and audited 601 packages in 35s

198 packages are looking for funding
  run `npm fund` for details

2 high severity vulnerabilities

To address all issues, run:
  npm audit fix

Run `npm audit` for details.

===== typecheck :: npm run typecheck :: failed =====

> case-authoring-console@0.1.0 typecheck
> tsc --noEmit

src/hooks/use-edit-draft-version-form-not-valid.test-support.ts(106,44): error TS2769: No overload matches this call.
  The last overload gave the following error.
    Argument of type '{ router: RouterCore<Route<Register, any, "/", "/", string, "__root__", undefined, {}, {}, AnyContext, AnyContext, {}, undefined, readonly [Route<unknown, RootRoute<Register, ... 10 more ..., undefined>, ... 15 more ..., undefined>], unknown, unknown, unknown, undefined>, "never", false, RouterHistory, Record<...>>; }' is not assignable to parameter of type 'Attributes & Omit<RouterOptions<any, any, any, any, Record<string, any>>, "context"> & { router: AnyRouter; context?: Partial<...>; } & { ...; }'.
      Property 'children' is missing in type '{ router: RouterCore<Route<Register, any, "/", "/", string, "__root__", undefined, {}, {}, AnyContext, AnyContext, {}, undefined, readonly [Route<unknown, RootRoute<Register, ... 10 more ..., undefined>, ... 15 more ..., undefined>], unknown, unknown, unknown, undefined>, "never", false, RouterHistory, Record<...>>; }' but required in type '{ children: ReactNode; }'.
src/hooks/use-edit-draft-version-form-not-valid.test-support.ts(108,21): error TS2322: Type 'RouterCore<Route<Register, any, "/", "/", string, "__root__", undefined, {}, {}, AnyContext, AnyContext, {}, undefined, readonly [Route<unknown, RootRoute<Register, ... 10 more ..., undefined>, ... 15 more ..., undefined>], unknown, unknown, unknown, undefined>, "never", false, RouterHistory, Record<...>>' is not assignable to type 'RouterCore<AnyRoute, TrailingSlashOption, boolean, RouterHistory, Record<string, any>>'.
  Types of property 'update' are incompatible.
    Type 'UpdateFn<Route<Register, any, "/", "/", string, "__root__", undefined, {}, {}, AnyContext, AnyContext, {}, undefined, readonly [Route<unknown, RootRoute<Register, ... 10 more ..., undefined>, ... 15 more ..., undefined>], unknown, unknown, unknown, undefined>, "never", false, RouterHistory, Record<...>>' is not assignable to type 'UpdateFn<AnyRoute, TrailingSlashOption, boolean, RouterHistory, Record<string, any>>'.
      Types of parameters 'newOptions' and 'newOptions' are incompatible.
        Type 'RouterConstructorOptions<AnyRoute, TrailingSlashOption, boolean, RouterHistory, Record<string, any>>' is not assignable to type 'RouterConstructorOptions<Route<Register, any, "/", "/", string, "__root__", undefined, {}, {}, AnyContext, AnyContext, {}, undefined, readonly [Route<unknown, RootRoute<Register, ... 10 more ..., undefined>, ... 15 more ..., undefined>], unknown, unknown, unknown, undefined>, "never", false, RouterHistory, Record<.....'.
          Type 'RouterConstructorOptions<AnyRoute, TrailingSlashOption, boolean, RouterHistory, Record<string, any>>' is not assignable to type 'Omit<RouterOptions<Route<Register, any, "/", "/", string, "__root__", undefined, {}, {}, AnyContext, AnyContext, {}, undefined, readonly [Route<unknown, RootRoute<Register, ... 10 more ..., undefined>, ... 15 more ..., undefined>], unknown, unknown, unknown, undefined>, "never", false, RouterHistory, Record<...>>, "...'.
            Types of property 'trailingSlash' are incompatible.
              Type 'TrailingSlashOption | undefined' is not assignable to type '"never" | undefined'.
                Type '"always"' is not assignable to type '"never"'.

===== lint :: npm run lint :: not_run =====

===== style :: npm run lint:css :: not_run =====

===== build :: npm run build :: not_run =====

===== a11y :: npm run test:a11y :: not_run =====

===== secret-scan :: npm run secret-scan :: not_run =====

===== test :: npm test :: not_run =====

