===== install :: npm ci :: passed =====
npm warn deprecated try-resolve@1.0.1: Package no longer supported. Contact Support at https://www.npmjs.com/support for more info.
npm warn deprecated whatwg-encoding@3.1.1: Use @exodus/bytes instead for a more spec-conformant and faster implementation
npm warn deprecated eslint@9.39.5: This version is no longer supported. Please see https://eslint.org/version-support for other options.

> case-authoring-console@0.1.0 postinstall
> node scripts/dedupe-tui-react.mjs

dedupe-tui-react: react already deduped
dedupe-tui-react: react-dom already deduped

added 600 packages, and audited 601 packages in 24s

198 packages are looking for funding
  run `npm fund` for details

2 high severity vulnerabilities

To address all issues, run:
  npm audit fix

Run `npm audit` for details.

===== typecheck :: npm run typecheck :: failed =====

> case-authoring-console@0.1.0 typecheck
> tsc --noEmit

src/hooks/use-case-simulation-history.spec.ts(6,3): error TS2322: Type '{ text: string; hypotheses: readonly CaseResultRunHypothesisVerdict[]; register: SimulationConsolidationRegister; ... 6 more ...; consolidationCall?: CaseResultConsolidationCall | undefined; }' is not assignable to type 'NewCaseResultRun'.
  Types of property 'cost' are incompatible.
    Type 'CaseResultCost | undefined' is not assignable to type 'CaseResultCost'.
      Type 'undefined' is not assignable to type 'CaseResultCost'.
src/routes/case-simulation-case-result-compare.spec.ts(11,3): error TS2322: Type '{ id: string; ranAt: string; outcome: string; referral: SimulationReferral; determiningHypothesis?: string; text: string; register: SimulationConsolidationRegister; ... 5 more ...; rawResponse?: unknown; }' is not assignable to type 'CaseResultRun'.
  Types of property 'durations' are incompatible.
    Type 'SimulationDurations | undefined' is not assignable to type 'SimulationDurations'.
      Type 'undefined' is not assignable to type 'SimulationDurations'.
src/routes/case-simulation-case-result-panel-compare.spec.ts(8,3): error TS2322: Type '{ id: string; ranAt: string; outcome: string; referral: SimulationReferral; determiningHypothesis?: string; text: string; register: SimulationConsolidationRegister; ... 5 more ...; rawResponse?: unknown; }' is not assignable to type 'CaseResultRun'.
  Types of property 'durations' are incompatible.
    Type 'SimulationDurations | undefined' is not assignable to type 'SimulationDurations'.
      Type 'undefined' is not assignable to type 'SimulationDurations'.
src/routes/case-simulation-case-result-panel.spec.ts(12,3): error TS2322: Type '{ id: string; ranAt: string; outcome: string; referral: SimulationReferral; determiningHypothesis: string; text: string; register: SimulationConsolidationRegister; ... 5 more ...; rawResponse?: unknown; }' is not assignable to type 'CaseResultRun'.
  Types of property 'durations' are incompatible.
    Type 'SimulationDurations | undefined' is not assignable to type 'SimulationDurations'.
      Type 'undefined' is not assignable to type 'SimulationDurations'.
src/routes/case-simulation-case-result-types.spec.ts(13,3): error TS2322: Type '{ id: string; ranAt: string; outcome: string; referral: SimulationReferral; determiningHypothesis?: string; text: string; register: SimulationConsolidationRegister; ... 5 more ...; rawResponse?: unknown; }' is not assignable to type 'CaseResultRun'.
  Types of property 'durations' are incompatible.
    Type 'SimulationDurations | undefined' is not assignable to type 'SimulationDurations'.
      Type 'undefined' is not assignable to type 'SimulationDurations'.

===== lint :: npm run lint :: not_run =====

===== style :: npm run lint:css :: not_run =====

===== build :: npm run build :: not_run =====

===== a11y :: npm run test:a11y :: not_run =====

===== secret-scan :: npm run secret-scan :: not_run =====

