
> case-authoring-console@0.1.0 typecheck
> tsc --noEmit

src/hooks/use-case-simulation-history.spec.ts(6,3): error TS2322: Type '{ text: string; hypotheses: readonly CaseResultRunHypothesisVerdict[]; register: SimulationConsolidationRegister; ... 6 more ...; consolidationCall?: CaseResultConsolidationCall | undefined; }' is not assignable to type 'NewCaseResultRun'.
  Types of property 'cost' are incompatible.
    Type 'CaseResultCost | undefined' is not assignable to type 'CaseResultCost'.
      Type 'undefined' is not assignable to type 'CaseResultCost'.
src/routes/case-simulation-case-result-compare.spec.ts(11,3): error TS2322: Type '{ id: string; ranAt: string; outcome: string; referral: SimulationReferral; determiningHypothesis?: string; text: string; register: SimulationConsolidationRegister; ... 5 more ...; rawResponse?: unknown; }' is not assignable to type 'CaseResultRun'.
  Types of property 'durations' are incompatible.
    Type 'SimulationDurations | undefined' is not assignable to type 'SimulationDurations'.
      Type 'undefined' is not assignable to type 'SimulationDurations'.
src/routes/case-simulation-case-result-panel-compare.spec.ts(8,3): error TS2322: Type '{ id: string; ranAt: string; outcome: string; referral: SimulationReferral; determiningHypothesis?: string; text: string; register: SimulationConsolidationRegister; ... 5 more ...; rawResponse?: unknown; }' is not assignable to type 'CaseResultRun'.
  Types of property 'durations' are incompatible.
    Type 'SimulationDurations | undefined' is not assignable to type 'SimulationDurations'.
      Type 'undefined' is not assignable to type 'SimulationDurations'.
src/routes/case-simulation-case-result-panel.spec.ts(12,3): error TS2322: Type '{ id: string; ranAt: string; outcome: string; referral: SimulationReferral; determiningHypothesis: string; text: string; register: SimulationConsolidationRegister; ... 5 more ...; rawResponse?: unknown; }' is not assignable to type 'CaseResultRun'.
  Types of property 'durations' are incompatible.
    Type 'SimulationDurations | undefined' is not assignable to type 'SimulationDurations'.
      Type 'undefined' is not assignable to type 'SimulationDurations'.
src/routes/case-simulation-case-result-types.spec.ts(13,3): error TS2322: Type '{ id: string; ranAt: string; outcome: string; referral: SimulationReferral; determiningHypothesis?: string; text: string; register: SimulationConsolidationRegister; ... 5 more ...; rawResponse?: unknown; }' is not assignable to type 'CaseResultRun'.
  Types of property 'durations' are incompatible.
    Type 'SimulationDurations | undefined' is not assignable to type 'SimulationDurations'.
      Type 'undefined' is not assignable to type 'SimulationDurations'.
