===== install :: npm ci :: passed =====
npm warn deprecated try-resolve@1.0.1: Package no longer supported. Contact Support at https://www.npmjs.com/support for more info.
npm warn deprecated node-domexception@1.0.0: Use your platform's native DOMException instead

added 358 packages, and audited 359 packages in 4s

98 packages are looking for funding
  run `npm fund` for details

5 vulnerabilities (3 moderate, 2 high)

To address issues that do not require attention, run:
  npm audit fix

To address all issues (including breaking changes), run:
  npm audit fix --force

Run `npm audit` for details.

===== typecheck :: npm run typecheck :: failed =====

> servicedeskn1@0.1.0 typecheck
> tsc --noEmit

src/__tests__/unit/connector-registry/connector-configuration-draft.spec.ts(34,9): error TS2739: Type '{ connector: string; configuration: string; unresolved: never[]; generated_credentials: never[]; }' is missing the following properties from type 'ConnectorConfigurationDraft': status_readings, response_fields, reading_notes
src/__tests__/unit/connector-registry/connector-configuration-draft.spec.ts(52,9): error TS2739: Type '{ connector: string; configuration: string; unresolved: never[]; generated_credentials: never[]; }' is missing the following properties from type 'ConnectorConfigurationDraft': status_readings, response_fields, reading_notes
src/__tests__/unit/connector-registry/connector-configuration-draft.spec.ts(63,61): error TS2344: Type '{ readonly connector: string; readonly configuration: string; readonly unresolved: readonly ConnectorConfigurationDraftUnresolvedItem[]; readonly generated_credentials: readonly ConnectorConfigurationDraftGeneratedCredential[]; readonly method_mismatch?: ConnectorConfigurationDraftMethodMismatch | undefined; }' does not satisfy the constraint '{ connector: string; configuration: string; unresolved: never[]; generated_credentials: never[]; status_readings: { [x: number]: { status?: "Expected: never, Actual: string" | undefined; ending?: "Expected: never, Actual: literal string: timeout" | ... 3 more ... | undefined; declared_as?: "Expected: never, Actual: ...'.
  Type '{ readonly connector: string; readonly configuration: string; readonly unresolved: readonly ConnectorConfigurationDraftUnresolvedItem[]; readonly generated_credentials: readonly ConnectorConfigurationDraftGeneratedCredential[]; readonly method_mismatch?: ConnectorConfigurationDraftMethodMismatch | undefined; }' is missing the following properties from type '{ connector: string; configuration: string; unresolved: never[]; generated_credentials: never[]; status_readings: { [x: number]: { status?: "Expected: never, Actual: string" | undefined; ending?: "Expected: never, Actual: literal string: timeout" | ... 3 more ... | undefined; declared_as?: "Expected: never, Actual: ...': status_readings, response_fields, reading_notes
src/connector-registry/connector-configuration-draft-generation.ts(72,3): error TS2739: Type '{ method_mismatch?: ConnectorConfigurationDraftMethodMismatch | undefined; connector: string; configuration: string; unresolved: readonly ConnectorConfigurationDraftUnresolvedItem[]; generated_credentials: readonly ConnectorConfigurationDraftGeneratedCredential[]; }' is missing the following properties from type 'ConnectorConfigurationDraft': status_readings, response_fields, reading_notes

===== lint :: npm run lint :: not_run =====

===== secret-scan :: npm run secret-scan :: not_run =====

===== test-unit :: node --env-file=.env.test node_modules/.bin/vitest run src/__tests__/unit :: not_run =====

