
> backend@0.1.0 typecheck
> tsc --noEmit

src/__tests__/unit/investigation/draft-assessment-text.spec.ts(94,44): error TS2554: Expected 1 arguments, but got 2.
src/__tests__/unit/investigation/draft-assessment-text.spec.ts(96,17): error TS2339: Property 'outcome' does not exist on type 'Promise<Assessment>'.
src/__tests__/unit/investigation/draft-assessment-text.spec.ts(97,17): error TS2339: Property 'referral' does not exist on type 'Promise<Assessment>'.
src/__tests__/unit/investigation/draft-assessment-text.spec.ts(98,17): error TS2339: Property 'determining_hypothesis' does not exist on type 'Promise<Assessment>'.
src/__tests__/unit/investigation/draft-assessment-text.spec.ts(107,44): error TS2554: Expected 1 arguments, but got 2.
src/__tests__/unit/investigation/draft-assessment-text.spec.ts(116,44): error TS2554: Expected 1 arguments, but got 2.
src/__tests__/unit/investigation/draft-assessment-text.spec.ts(127,44): error TS2554: Expected 1 arguments, but got 2.
src/__tests__/unit/investigation/draft-assessment-text.spec.ts(129,17): error TS2339: Property 'text' does not exist on type 'Promise<Assessment>'.
src/__tests__/unit/investigation/draft-assessment-text.spec.ts(136,44): error TS2554: Expected 1 arguments, but got 2.
src/__tests__/unit/investigation/draft-assessment-text.spec.ts(138,17): error TS2339: Property 'text' does not exist on type 'Promise<Assessment>'.
src/__tests__/unit/investigation/draft-assessment-text.spec.ts(146,5): error TS2554: Expected 1 arguments, but got 2.
src/__tests__/unit/investigation/draft-assessment-text.spec.ts(150,5): error TS2554: Expected 1 arguments, but got 2.
src/__tests__/unit/investigation/draft-assessment-text.spec.ts(153,26): error TS2339: Property 'text' does not exist on type 'Promise<Assessment>'.
src/__tests__/unit/investigation/draft-assessment-text.spec.ts(153,56): error TS2339: Property 'text' does not exist on type 'Promise<Assessment>'.
src/__tests__/unit/investigation/draft-assessment-text.spec.ts(162,5): error TS2554: Expected 1 arguments, but got 2.
src/__tests__/unit/investigation/draft-assessment-text.spec.ts(166,5): error TS2554: Expected 1 arguments, but got 2.
src/__tests__/unit/investigation/draft-assessment-text.spec.ts(169,22): error TS2339: Property 'text' does not exist on type 'Promise<Assessment>'.
src/__tests__/unit/investigation/draft-assessment-text.spec.ts(169,50): error TS2339: Property 'text' does not exist on type 'Promise<Assessment>'.
src/__tests__/unit/investigation/draft-assessment-text.spec.ts(170,22): error TS2339: Property 'text' does not exist on type 'Promise<Assessment>'.
src/__tests__/unit/investigation/draft-assessment-text.spec.ts(171,23): error TS2339: Property 'text' does not exist on type 'Promise<Assessment>'.
src/__tests__/unit/investigation/draft-assessment-text.spec.ts(179,5): error TS2554: Expected 1 arguments, but got 2.
