===== install :: npm ci :: passed =====
npm warn deprecated try-resolve@1.0.1: Package no longer supported. Contact Support at https://www.npmjs.com/support for more info.
npm warn deprecated whatwg-encoding@3.1.1: Use @exodus/bytes instead for a more spec-conformant and faster implementation
npm warn deprecated eslint@9.39.5: This version is no longer supported. Please see https://eslint.org/version-support for other options.

> case-authoring-console@0.1.0 postinstall
> node scripts/dedupe-tui-react.mjs

dedupe-tui-react: react already deduped
dedupe-tui-react: react-dom already deduped

added 577 packages, and audited 578 packages in 7s

196 packages are looking for funding
  run `npm fund` for details

found 0 vulnerabilities

===== typecheck :: npm run typecheck :: failed =====

> case-authoring-console@0.1.0 typecheck
> tsc --noEmit

src/hooks/use-case-simulation-cockpit.test-support.ts(193,9): error TS2353: Object literal may only specify known properties, and 'capability' does not exist in type 'SimulateEvidenceItem'.
src/hooks/use-simulate-case.test-support.ts(60,9): error TS2353: Object literal may only specify known properties, and 'capability' does not exist in type 'SimulateEvidenceItem'.
src/hooks/use-simulate-case.test-support.ts(71,9): error TS2353: Object literal may only specify known properties, and 'capability' does not exist in type 'SimulateEvidenceItem'.
src/routes/case-simulation-cockpit-adapters.spec.ts(266,9): error TS2353: Object literal may only specify known properties, and 'capability' does not exist in type 'SimulateEvidenceItem'.
src/routes/case-simulation-detail-evidence-tab.spec.ts(28,13): error TS2353: Object literal may only specify known properties, and 'capability' does not exist in type 'Partial<SimulationEvidenceItem>'.
src/routes/case-simulation-detail-evidence-tab.spec.ts(110,13): error TS2353: Object literal may only specify known properties, and 'capability' does not exist in type 'Partial<SimulationEvidenceItem>'.
src/routes/case-simulation-detail-panel.test-support.ts(3,3): error TS2305: Module '"./case-simulation-detail-types"' has no exported member 'SimulationCapabilityReference'.
src/routes/case-simulation-detail-panel.test-support.ts(36,5): error TS2353: Object literal may only specify known properties, and 'capability' does not exist in type 'SimulationEvidenceItem'.
src/routes/case-simulation-ready-view.test-support.ts(265,9): error TS2353: Object literal may only specify known properties, and 'capability' does not exist in type 'SimulateEvidenceItem'.

===== lint :: npm run lint :: not_run =====

===== style :: npm run lint:css :: not_run =====

===== build :: npm run build :: not_run =====

===== a11y :: npm run test:a11y :: not_run =====

===== secret-scan :: npm run secret-scan :: not_run =====

