===== install :: npm ci :: passed =====
npm warn deprecated try-resolve@1.0.1: Package no longer supported. Contact Support at https://www.npmjs.com/support for more info.
npm warn deprecated whatwg-encoding@3.1.1: Use @exodus/bytes instead for a more spec-conformant and faster implementation
npm warn deprecated eslint@9.39.5: This version is no longer supported. Please see https://eslint.org/version-support for other options.

> case-authoring-console@0.1.0 postinstall
> node scripts/dedupe-tui-react.mjs

dedupe-tui-react: react already deduped
dedupe-tui-react: react-dom already deduped

added 600 packages, and audited 601 packages in 11s

198 packages are looking for funding
  run `npm fund` for details

2 high severity vulnerabilities

To address all issues, run:
  npm audit fix

Run `npm audit` for details.

===== typecheck :: npm run typecheck :: failed =====

> case-authoring-console@0.1.0 typecheck
> tsc --noEmit

src/hooks/use-simulate-case-evidence-wire-fields.spec.ts(65,5): error TS2578: Unused '@ts-expect-error' directive.
src/hooks/use-simulate-case-evidence-wire-fields.spec.ts(68,7): error TS2322: Type 'undefined' is not assignable to type 'string'.
src/routes/case-simulation-detail-types.spec.ts(36,5): error TS2578: Unused '@ts-expect-error' directive.
src/routes/case-simulation-detail-types.spec.ts(39,7): error TS2322: Type 'undefined' is not assignable to type 'string'.

===== lint :: npm run lint :: not_run =====

===== style :: npm run lint:css :: not_run =====

===== build :: npm run build :: not_run =====

===== a11y :: npm run test:a11y :: not_run =====

===== secret-scan :: npm run secret-scan :: not_run =====

===== test :: npm test :: not_run =====

