===== install :: npm ci :: passed =====
npm warn deprecated try-resolve@1.0.1: Package no longer supported. Contact Support at https://www.npmjs.com/support for more info.
npm warn deprecated node-domexception@1.0.0: Use your platform's native DOMException instead

added 358 packages, and audited 359 packages in 3s

98 packages are looking for funding
  run `npm fund` for details

5 vulnerabilities (3 moderate, 2 high)

To address issues that do not require attention, run:
  npm audit fix

To address all issues (including breaking changes), run:
  npm audit fix --force

Run `npm audit` for details.

===== typecheck :: npm run typecheck :: passed =====

> servicedeskn1@0.1.0 typecheck
> tsc --noEmit


===== lint :: npm run lint :: failed =====

> servicedeskn1@0.1.0 lint
> eslint .


/home/siegfriedneto/projects/servicedeskn1/src/src/__tests__/unit/config/env.spec.ts
  141:11  error  Interface name `PoolBoundCase` must have one of the following prefixes: I  @typescript-eslint/naming-convention

✖ 1 problem (1 error, 0 warnings)


===== secret-scan :: npm run secret-scan :: not_run =====

===== test-unit :: node --env-file=.env.test node_modules/.bin/vitest run src/__tests__/unit :: not_run =====

===== test :: npm test :: not_run =====

