===== install :: npm ci :: passed =====
npm warn deprecated try-resolve@1.0.1: Package no longer supported. Contact Support at https://www.npmjs.com/support for more info.

added 259 packages, and audited 260 packages in 3s

75 packages are looking for funding
  run `npm fund` for details

found 0 vulnerabilities

===== typecheck :: npm run typecheck :: passed =====

> backend@0.1.0 typecheck
> tsc --noEmit


===== lint :: npm run lint :: passed =====

> backend@0.1.0 lint
> eslint .


===== secret-scan :: npm run secret-scan :: passed =====

> backend@0.1.0 secret-scan
> secretlint "**/*"


===== test :: npm test :: passed =====

> backend@0.1.0 test
> vitest run --passWithNoTests


 RUN  v3.2.7 /home/siegfriedneto/projects/siegardtest/src

 ✓ src/__tests__/unit/glossary/vocabulary-modules.spec.ts (2 tests) 19ms
 ✓ src/__tests__/unit/capability-registry/no-network-persistence.spec.ts (1 test) 15ms
 ✓ src/__tests__/unit/glossary/glossary-query.port.spec.ts (8 tests) 17ms
 ✓ src/__tests__/unit/glossary/glossary.service.spec.ts (11 tests) 17ms
 ✓ src/__tests__/unit/capability-registry/capability-registry.service.spec.ts (18 tests) 25ms
 ✓ src/__tests__/unit/dependency-manifest.spec.ts (1 test) 25ms
 ✓ src/__tests__/integration/factories/glossary.factory.spec.ts (2 tests) 39ms
 ✓ src/__tests__/integration/factories/capability-registry.factory.spec.ts (2 tests) 42ms
 ✓ src/__tests__/integration/glossary/glossary-query.port.spec.ts (3 tests) 63ms
 ✓ src/__tests__/integration/persistence/file-capability-store.repository.spec.ts (8 tests) 94ms
 ✓ src/__tests__/integration/persistence/file-glossary-store.repository.spec.ts (7 tests) 90ms

 Test Files  11 passed (11)
      Tests  63 passed (63)
   Start at  11:22:10
   Duration  951ms (transform 891ms, setup 0ms, collect 2.59s, tests 447ms, environment 4ms, prepare 2.14s)


