===== install :: npm ci :: passed =====
npm warn deprecated try-resolve@1.0.1: Package no longer supported. Contact Support at https://www.npmjs.com/support for more info.

added 259 packages, and audited 260 packages in 5s

75 packages are looking for funding
  run `npm fund` for details

found 0 vulnerabilities

===== typecheck :: npm run typecheck :: passed =====

> backend@0.1.0 typecheck
> tsc --noEmit


===== lint :: npm run lint :: passed =====

> backend@0.1.0 lint
> eslint .


===== secret-scan :: npm run secret-scan :: passed =====

> backend@0.1.0 secret-scan
> secretlint "**/*"


===== test :: npm test :: passed =====

> backend@0.1.0 test
> vitest run --passWithNoTests


 RUN  v3.2.7 /home/siegfriedneto/projects/siegardtest/src

 ✓ src/__tests__/unit/investigation/observation-source.port.spec.ts (15 tests) 11ms
 ✓ src/__tests__/unit/investigation/draft-assessment-text.spec.ts (9 tests) 17ms
 ✓ src/__tests__/unit/investigation/resolve-and-narrow-input.spec.ts (17 tests) 21ms
 ✓ src/__tests__/unit/investigation/judgment-stage.spec.ts (16 tests) 41ms
 ✓ src/__tests__/unit/investigation/evidence-collection-stage.spec.ts (13 tests) 40ms
 ✓ src/__tests__/unit/case/parse-case-document.spec.ts (43 tests) 43ms
 ✓ src/__tests__/unit/case/validate-case-coherence.spec.ts (17 tests) 30ms
 ✓ src/__tests__/unit/investigation/investigation-factory.spec.ts (21 tests) 54ms
 ✓ src/__tests__/unit/case/case-query.service.spec.ts (19 tests) 76ms
 ✓ src/__tests__/unit/investigation/diagnose.spec.ts (15 tests) 58ms
 ✓ src/__tests__/unit/investigation/run-diagnosis.spec.ts (22 tests) 263ms
 ✓ src/__tests__/unit/case/case-resolution.spec.ts (13 tests) 66ms
 ✓ src/__tests__/unit/investigation/citation-validation.spec.ts (8 tests) 18ms
 ✓ src/__tests__/unit/investigation/assessment-consolidator.port.spec.ts (9 tests) 33ms
 ✓ src/__tests__/unit/investigation/diagnosis-run-registry.spec.ts (9 tests) 39ms
 ✓ src/__tests__/unit/glossary/glossary.service.spec.ts (11 tests) 8ms
 ✓ src/__tests__/unit/capability-registry/capability-registry.service.spec.ts (18 tests) 26ms
 ✓ src/__tests__/unit/investigation/idempotency-key.spec.ts (11 tests) 9ms
 ✓ src/__tests__/unit/capability-registry/capability-query.port.spec.ts (10 tests) 55ms
 ✓ src/__tests__/integration/persistence/file-investigation-store.repository.spec.ts (12 tests) 306ms
 ✓ src/__tests__/integration/persistence/file-case-store.repository.spec.ts (11 tests) 181ms
 ✓ src/__tests__/unit/glossary/glossary-query.port.spec.ts (8 tests) 35ms
 ✓ src/__tests__/unit/investigation/assessment-consolidator-modules.spec.ts (4 tests) 79ms
 ✓ src/__tests__/unit/investigation/hypothesis-evaluator.port.spec.ts (8 tests) 8ms
 ✓ src/__tests__/unit/investigation/investigation-factory-modules.spec.ts (2 tests) 72ms
 ✓ src/__tests__/integration/factories/case-query.factory.spec.ts (6 tests) 260ms
 ✓ src/__tests__/unit/investigation/observation-source-modules.spec.ts (3 tests) 170ms
 ✓ src/__tests__/unit/investigation/draft-assessment-text-modules.spec.ts (3 tests) 69ms
 ✓ src/__tests__/unit/investigation/idempotency-resolution.spec.ts (7 tests) 16ms
 ✓ src/__tests__/unit/investigation/hypothesis-evaluator-modules.spec.ts (3 tests) 87ms
 ✓ src/__tests__/unit/investigation/subject.spec.ts (8 tests) 23ms
 ✓ src/__tests__/unit/case/case-document-modules.spec.ts (2 tests) 51ms
 ✓ src/__tests__/unit/glossary/vocabulary-modules.spec.ts (2 tests) 43ms
 ✓ src/__tests__/unit/investigation/idempotency-lease-store.spec.ts (7 tests) 28ms
 ✓ src/__tests__/unit/capability-registry/no-network-persistence.spec.ts (1 test) 78ms
 ✓ src/__tests__/integration/persistence/file-capability-store.repository.spec.ts (8 tests) 163ms
 ✓ src/__tests__/integration/capability-registry/capability-query.port.spec.ts (3 tests) 46ms
 ✓ src/__tests__/integration/persistence/file-glossary-store.repository.spec.ts (7 tests) 99ms
 ✓ src/__tests__/unit/investigation/consolidation-register.spec.ts (1 test) 6ms
 ✓ src/__tests__/integration/factories/capability-registry.factory.spec.ts (2 tests) 51ms
 ✓ src/__tests__/unit/dependency-manifest.spec.ts (1 test) 35ms
 ✓ src/__tests__/integration/glossary/glossary-query.port.spec.ts (3 tests) 72ms
 ✓ src/__tests__/integration/factories/glossary.factory.spec.ts (2 tests) 29ms

 Test Files  43 passed (43)
      Tests  410 passed (410)
   Start at  17:08:37
   Duration  4.39s (transform 4.99s, setup 0ms, collect 11.92s, tests 2.92s, environment 14ms, prepare 10.05s)


