===== install :: npm ci :: passed =====
npm warn deprecated try-resolve@1.0.1: Package no longer supported. Contact Support at https://www.npmjs.com/support for more info.
npm warn deprecated whatwg-encoding@3.1.1: Use @exodus/bytes instead for a more spec-conformant and faster implementation
npm warn deprecated eslint@9.39.5: This version is no longer supported. Please see https://eslint.org/version-support for other options.

> case-authoring-console@0.1.0 postinstall
> node scripts/dedupe-tui-react.mjs

dedupe-tui-react: linked frontend/tui/frontend/node_modules/react -> frontend/app/node_modules/react
dedupe-tui-react: linked frontend/tui/frontend/node_modules/react-dom -> frontend/app/node_modules/react-dom

added 577 packages, and audited 578 packages in 7s

196 packages are looking for funding
  run `npm fund` for details

found 0 vulnerabilities

===== typecheck :: npm run typecheck :: failed =====

> case-authoring-console@0.1.0 typecheck
> tsc --noEmit

src/hooks/use-case-simulation-cockpit.test-support.ts(210,3): error TS2322: Type '{ hypothesis: string; verdict: "inconclusive"; reason: "no-data"; }' is not assignable to type 'Evaluation'.
  Property 'citations' is missing in type '{ hypothesis: string; verdict: "inconclusive"; reason: "no-data"; }' but required in type '{ readonly hypothesis: string; readonly verdict: "inconclusive"; readonly reason: EvaluationReason; readonly citations: readonly Citation[]; readonly usage?: Usage | undefined; readonly elapsed_ms?: number | undefined; readonly prompt?: string | undefined; }'.
src/hooks/use-case-simulation-cockpit.test-support.ts(220,3): error TS2739: Type '{ evaluation: Evaluation; }' is missing the following properties from type 'SimulateHypothesisResult': evidence, durations
src/hooks/use-simulate-hypothesis-dispatch-safety.spec.ts(37,22): error TS2554: Expected 3 arguments, but got 2.
src/hooks/use-simulate-hypothesis-dispatch-safety.spec.ts(51,22): error TS2554: Expected 3 arguments, but got 2.
src/hooks/use-simulate-hypothesis-dispatch-safety.spec.ts(68,27): error TS2554: Expected 3 arguments, but got 2.
src/hooks/use-simulate-hypothesis-dispatch-safety.spec.ts(81,28): error TS2554: Expected 3 arguments, but got 2.
src/hooks/use-simulate-hypothesis-dispatch-safety.spec.ts(103,22): error TS2554: Expected 3 arguments, but got 2.
src/hooks/use-simulate-hypothesis-dispatch-safety.spec.ts(127,22): error TS2554: Expected 3 arguments, but got 2.
src/hooks/use-simulate-hypothesis-dispatch-safety.spec.ts(146,22): error TS2554: Expected 3 arguments, but got 2.
src/hooks/use-simulate-hypothesis-dispatch-safety.spec.ts(147,22): error TS2554: Expected 3 arguments, but got 2.
src/hooks/use-simulate-hypothesis-dispatch-safety.spec.ts(168,22): error TS2554: Expected 3 arguments, but got 2.
src/hooks/use-simulate-hypothesis-dispatch-safety.spec.ts(174,22): error TS2554: Expected 3 arguments, but got 2.
src/hooks/use-simulate-hypothesis-dispatch-safety.spec.ts(192,22): error TS2554: Expected 3 arguments, but got 2.
src/hooks/use-simulate-hypothesis-dispatch-safety.spec.ts(208,22): error TS2554: Expected 3 arguments, but got 2.
src/hooks/use-simulate-hypothesis-request.spec.ts(47,22): error TS2554: Expected 3 arguments, but got 2.
src/hooks/use-simulate-hypothesis-request.spec.ts(66,22): error TS2554: Expected 3 arguments, but got 2.
src/hooks/use-simulate-hypothesis-request.spec.ts(81,22): error TS2554: Expected 3 arguments, but got 2.
src/hooks/use-simulate-hypothesis-request.spec.ts(99,22): error TS2554: Expected 3 arguments, but got 2.
src/hooks/use-simulate-hypothesis-request.spec.ts(118,22): error TS2554: Expected 3 arguments, but got 2.
src/hooks/use-simulate-hypothesis-request.spec.ts(139,9): error TS2578: Unused '@ts-expect-error' directive.
src/hooks/use-simulate-hypothesis.test-support.ts(92,3): error TS2322: Type '{ hypothesis: string; verdict: "inconclusive"; reason: "no-data"; }' is not assignable to type 'Evaluation'.
  Property 'citations' is missing in type '{ hypothesis: string; verdict: "inconclusive"; reason: "no-data"; }' but required in type '{ readonly hypothesis: string; readonly verdict: "inconclusive"; readonly reason: EvaluationReason; readonly citations: readonly Citation[]; readonly usage?: Usage | undefined; readonly elapsed_ms?: number | undefined; readonly prompt?: string | undefined; }'.
src/hooks/use-simulate-hypothesis.test-support.ts(117,3): error TS2739: Type '{ evaluation: Evaluation; }' is missing the following properties from type 'SimulateHypothesisResult': evidence, durations
src/routes/case-simulation-cockpit-adapters.spec.ts(114,11): error TS2322: Type '{ hypothesis: string; verdict: "inconclusive"; reason: "no-data"; }' is not assignable to type 'Evaluation'.
  Property 'citations' is missing in type '{ hypothesis: string; verdict: "inconclusive"; reason: "no-data"; }' but required in type '{ readonly hypothesis: string; readonly verdict: "inconclusive"; readonly reason: EvaluationReason; readonly citations: readonly Citation[]; readonly usage?: Usage | undefined; readonly elapsed_ms?: number | undefined; readonly prompt?: string | undefined; }'.
src/routes/case-simulation-ready-view.test-support.ts(284,3): error TS2322: Type '{ hypothesis: string; verdict: "inconclusive"; reason: "no-data"; }' is not assignable to type 'Evaluation'.
  Property 'citations' is missing in type '{ hypothesis: string; verdict: "inconclusive"; reason: "no-data"; }' but required in type '{ readonly hypothesis: string; readonly verdict: "inconclusive"; readonly reason: EvaluationReason; readonly citations: readonly Citation[]; readonly usage?: Usage | undefined; readonly elapsed_ms?: number | undefined; readonly prompt?: string | undefined; }'.
src/routes/case-simulation-ready-view.test-support.ts(294,3): error TS2739: Type '{ evaluation: Evaluation; }' is missing the following properties from type 'SimulateHypothesisResult': evidence, durations

===== lint :: npm run lint :: not_run =====

===== style :: npm run lint:css :: not_run =====

===== build :: npm run build :: not_run =====

===== a11y :: npm run test:a11y :: not_run =====

===== secret-scan :: npm run secret-scan :: not_run =====

