===== install :: npm ci :: passed =====
npm warn deprecated try-resolve@1.0.1: Package no longer supported. Contact Support at https://www.npmjs.com/support for more info.
npm warn deprecated node-domexception@1.0.0: Use your platform's native DOMException instead

added 358 packages, and audited 359 packages in 6s

98 packages are looking for funding
  run `npm fund` for details

5 vulnerabilities (3 moderate, 2 high)

To address issues that do not require attention, run:
  npm audit fix

To address all issues (including breaking changes), run:
  npm audit fix --force

Run `npm audit` for details.

===== typecheck :: npm run typecheck :: failed =====

> servicedeskn1@0.1.0 typecheck
> tsc --noEmit

src/__tests__/unit/case/case-query.service.spec.ts(74,7): error TS2420: Class 'FakeCaseStore' incorrectly implements interface 'ICaseStore'.
  Property 'delete' is missing in type 'FakeCaseStore' but required in type 'ICaseStore'.
src/__tests__/unit/case/case-query.service.spec.ts(431,40): error TS2345: Argument of type 'FakeCaseStore' is not assignable to parameter of type 'ICaseStore'.
  Property 'delete' is missing in type 'FakeCaseStore' but required in type 'ICaseStore'.
src/__tests__/unit/case/case-query.service.spec.ts(460,40): error TS2345: Argument of type 'FakeCaseStore' is not assignable to parameter of type 'ICaseStore'.
  Property 'delete' is missing in type 'FakeCaseStore' but required in type 'ICaseStore'.
src/__tests__/unit/case/case-query.service.spec.ts(471,40): error TS2345: Argument of type 'FakeCaseStore' is not assignable to parameter of type 'ICaseStore'.
  Property 'delete' is missing in type 'FakeCaseStore' but required in type 'ICaseStore'.
src/__tests__/unit/case/case-query.service.spec.ts(479,40): error TS2345: Argument of type 'FakeCaseStore' is not assignable to parameter of type 'ICaseStore'.
  Property 'delete' is missing in type 'FakeCaseStore' but required in type 'ICaseStore'.
src/__tests__/unit/case/case-query.service.spec.ts(490,40): error TS2345: Argument of type 'FakeCaseStore' is not assignable to parameter of type 'ICaseStore'.
  Property 'delete' is missing in type 'FakeCaseStore' but required in type 'ICaseStore'.
src/__tests__/unit/case/case-query.service.spec.ts(505,40): error TS2345: Argument of type 'FakeCaseStore' is not assignable to parameter of type 'ICaseStore'.
  Property 'delete' is missing in type 'FakeCaseStore' but required in type 'ICaseStore'.
src/__tests__/unit/case/case-query.service.spec.ts(520,40): error TS2345: Argument of type 'FakeCaseStore' is not assignable to parameter of type 'ICaseStore'.
  Property 'delete' is missing in type 'FakeCaseStore' but required in type 'ICaseStore'.
src/__tests__/unit/case/case-query.service.spec.ts(539,40): error TS2345: Argument of type 'FakeCaseStore' is not assignable to parameter of type 'ICaseStore'.
  Property 'delete' is missing in type 'FakeCaseStore' but required in type 'ICaseStore'.
src/__tests__/unit/case/case-query.service.spec.ts(559,42): error TS2345: Argument of type 'FakeCaseStore' is not assignable to parameter of type 'ICaseStore'.
  Property 'delete' is missing in type 'FakeCaseStore' but required in type 'ICaseStore'.
src/__tests__/unit/case/case-query.service.spec.ts(577,40): error TS2345: Argument of type 'FakeCaseStore' is not assignable to parameter of type 'ICaseStore'.
  Property 'delete' is missing in type 'FakeCaseStore' but required in type 'ICaseStore'.
src/__tests__/unit/case/case-query.service.spec.ts(586,40): error TS2345: Argument of type 'FakeCaseStore' is not assignable to parameter of type 'ICaseStore'.
  Property 'delete' is missing in type 'FakeCaseStore' but required in type 'ICaseStore'.
src/__tests__/unit/case/case-query.service.spec.ts(599,40): error TS2345: Argument of type 'FakeCaseStore' is not assignable to parameter of type 'ICaseStore'.
  Property 'delete' is missing in type 'FakeCaseStore' but required in type 'ICaseStore'.
src/__tests__/unit/case/case-query.service.spec.ts(611,40): error TS2345: Argument of type 'FakeCaseStore' is not assignable to parameter of type 'ICaseStore'.
  Property 'delete' is missing in type 'FakeCaseStore' but required in type 'ICaseStore'.
src/__tests__/unit/case/case-query.service.spec.ts(614,52): error TS2345: Argument of type 'FakeCaseStore' is not assignable to parameter of type 'ICaseStore'.
  Property 'delete' is missing in type 'FakeCaseStore' but required in type 'ICaseStore'.
src/__tests__/unit/case/case-query.service.spec.ts(624,40): error TS2345: Argument of type 'FakeCaseStore' is not assignable to parameter of type 'ICaseStore'.
  Property 'delete' is missing in type 'FakeCaseStore' but required in type 'ICaseStore'.
src/__tests__/unit/case/case-query.service.spec.ts(627,52): error TS2345: Argument of type 'FakeCaseStore' is not assignable to parameter of type 'ICaseStore'.
  Property 'delete' is missing in type 'FakeCaseStore' but required in type 'ICaseStore'.
src/__tests__/unit/case/case-query.service.spec.ts(635,48): error TS2345: Argument of type 'FakeCaseStore' is not assignable to parameter of type 'ICaseStore'.
  Property 'delete' is missing in type 'FakeCaseStore' but required in type 'ICaseStore'.
src/__tests__/unit/case/case-query.service.spec.ts(641,40): error TS2345: Argument of type 'FakeCaseStore' is not assignable to parameter of type 'ICaseStore'.
  Property 'delete' is missing in type 'FakeCaseStore' but required in type 'ICaseStore'.
src/__tests__/unit/case/case-query.service.spec.ts(644,52): error TS2345: Argument of type 'FakeCaseStore' is not assignable to parameter of type 'ICaseStore'.
  Property 'delete' is missing in type 'FakeCaseStore' but required in type 'ICaseStore'.
src/__tests__/unit/case/case-query.service.spec.ts(653,52): error TS2345: Argument of type 'FakeCaseStore' is not assignable to parameter of type 'ICaseStore'.
  Property 'delete' is missing in type 'FakeCaseStore' but required in type 'ICaseStore'.
src/__tests__/unit/case/case-query.service.spec.ts(683,52): error TS2345: Argument of type 'FakeCaseStore' is not assignable to parameter of type 'ICaseStore'.
  Property 'delete' is missing in type 'FakeCaseStore' but required in type 'ICaseStore'.
src/__tests__/unit/case/case-query.service.spec.ts(693,57): error TS2345: Argument of type 'FakeCaseStore' is not assignable to parameter of type 'ICaseStore'.
  Property 'delete' is missing in type 'FakeCaseStore' but required in type 'ICaseStore'.
src/__tests__/unit/case/case-query.service.spec.ts(703,40): error TS2345: Argument of type 'FakeCaseStore' is not assignable to parameter of type 'ICaseStore'.
  Property 'delete' is missing in type 'FakeCaseStore' but required in type 'ICaseStore'.
src/__tests__/unit/case/case-query.service.spec.ts(719,40): error TS2345: Argument of type 'FakeCaseStore' is not assignable to parameter of type 'ICaseStore'.
  Property 'delete' is missing in type 'FakeCaseStore' but required in type 'ICaseStore'.
src/__tests__/unit/case/case-query.service.spec.ts(739,42): error TS2345: Argument of type 'FakeCaseStore' is not assignable to parameter of type 'ICaseStore'.
  Property 'delete' is missing in type 'FakeCaseStore' but required in type 'ICaseStore'.
src/__tests__/unit/case/case-query.service.spec.ts(763,42): error TS2345: Argument of type 'FakeCaseStore' is not assignable to parameter of type 'ICaseStore'.
  Property 'delete' is missing in type 'FakeCaseStore' but required in type 'ICaseStore'.
src/__tests__/unit/case/case-query.service.spec.ts(786,42): error TS2345: Argument of type 'FakeCaseStore' is not assignable to parameter of type 'ICaseStore'.
  Property 'delete' is missing in type 'FakeCaseStore' but required in type 'ICaseStore'.
src/__tests__/unit/case/case-query.service.spec.ts(789,54): error TS2345: Argument of type 'FakeCaseStore' is not assignable to parameter of type 'ICaseStore'.
  Property 'delete' is missing in type 'FakeCaseStore' but required in type 'ICaseStore'.
src/__tests__/unit/case/case-query.service.spec.ts(799,40): error TS2345: Argument of type 'FakeCaseStore' is not assignable to parameter of type 'ICaseStore'.
  Property 'delete' is missing in type 'FakeCaseStore' but required in type 'ICaseStore'.
src/__tests__/unit/case/case-query.service.spec.ts(810,40): error TS2345: Argument of type 'FakeCaseStore' is not assignable to parameter of type 'ICaseStore'.
  Property 'delete' is missing in type 'FakeCaseStore' but required in type 'ICaseStore'.
src/__tests__/unit/case/case-query.service.spec.ts(821,40): error TS2345: Argument of type 'FakeCaseStore' is not assignable to parameter of type 'ICaseStore'.
  Property 'delete' is missing in type 'FakeCaseStore' but required in type 'ICaseStore'.
src/__tests__/unit/case/case-query.service.spec.ts(840,42): error TS2345: Argument of type 'FakeCaseStore' is not assignable to parameter of type 'ICaseStore'.
  Property 'delete' is missing in type 'FakeCaseStore' but required in type 'ICaseStore'.
src/__tests__/unit/case/case-query.service.spec.ts(860,42): error TS2345: Argument of type 'FakeCaseStore' is not assignable to parameter of type 'ICaseStore'.
  Property 'delete' is missing in type 'FakeCaseStore' but required in type 'ICaseStore'.
src/__tests__/unit/case/case-query.service.spec.ts(879,42): error TS2345: Argument of type 'FakeCaseStore' is not assignable to parameter of type 'ICaseStore'.
  Property 'delete' is missing in type 'FakeCaseStore' but required in type 'ICaseStore'.
src/__tests__/unit/case/case-query.service.spec.ts(890,40): error TS2345: Argument of type 'FakeCaseStore' is not assignable to parameter of type 'ICaseStore'.
  Property 'delete' is missing in type 'FakeCaseStore' but required in type 'ICaseStore'.
src/__tests__/unit/case/case-query.service.spec.ts(903,42): error TS2345: Argument of type 'FakeCaseStore' is not assignable to parameter of type 'ICaseStore'.
  Property 'delete' is missing in type 'FakeCaseStore' but required in type 'ICaseStore'.
src/__tests__/unit/case/case-query.service.spec.ts(915,40): error TS2345: Argument of type 'FakeCaseStore' is not assignable to parameter of type 'ICaseStore'.
  Property 'delete' is missing in type 'FakeCaseStore' but required in type 'ICaseStore'.
src/__tests__/unit/case/case-query.service.spec.ts(923,40): error TS2345: Argument of type 'FakeCaseStore' is not assignable to parameter of type 'ICaseStore'.
  Property 'delete' is missing in type 'FakeCaseStore' but required in type 'ICaseStore'.
src/__tests__/unit/case/case-query.service.spec.ts(937,42): error TS2345: Argument of type 'FakeCaseStore' is not assignable to parameter of type 'ICaseStore'.
  Property 'delete' is missing in type 'FakeCaseStore' but required in type 'ICaseStore'.
src/__tests__/unit/case/release.operation.spec.ts(67,7): error TS2420: Class 'FakeReleaseStore' incorrectly implements interface 'ICaseStore'.
  Property 'delete' is missing in type 'FakeReleaseStore' but required in type 'ICaseStore'.
src/__tests__/unit/case/release.operation.spec.ts(169,44): error TS2345: Argument of type 'FakeReleaseStore' is not assignable to parameter of type 'ICaseStore & IHypothesisRevisionOwnStateQuery'.
  Property 'delete' is missing in type 'FakeReleaseStore' but required in type 'ICaseStore'.
src/__tests__/unit/case/release.operation.spec.ts(190,44): error TS2345: Argument of type 'FakeReleaseStore' is not assignable to parameter of type 'ICaseStore & IHypothesisRevisionOwnStateQuery'.
  Property 'delete' is missing in type 'FakeReleaseStore' but required in type 'ICaseStore'.
src/__tests__/unit/http/build-app.spec.ts(76,3): error TS2741: Property 'delete' is missing in type '{ assembleVersion: () => Promise<undefined>; findDraftVersion: () => Promise<undefined>; listCases: () => Promise<PaginatedResponse<CaseCatalogEntry>>; ... 9 more ...; updateDraft: () => Promise<...>; }' but required in type 'ICaseStore'.
src/__tests__/unit/http/discard.routes.spec.ts(30,7): error TS2420: Class 'SingleDraftCaseStore' incorrectly implements interface 'ICaseStore'.
  Property 'delete' is missing in type 'SingleDraftCaseStore' but required in type 'ICaseStore'.
src/__tests__/unit/http/discard.routes.spec.ts(199,97): error TS2345: Argument of type 'SingleDraftCaseStore' is not assignable to parameter of type 'ICaseStore'.
  Property 'delete' is missing in type 'SingleDraftCaseStore' but required in type 'ICaseStore'.
src/__tests__/unit/http/update-draft.routes.spec.ts(41,3): error TS2741: Property 'delete' is missing in type '{ assembleVersion: Mock<Procedure>; findDraftVersion: Mock<Procedure>; listCases: Mock<Procedure>; listCaseVersions: Mock<Procedure>; ... 8 more ...; updateDraft: Mock<...>; }' but required in type 'ICaseStore'.

===== lint :: npm run lint :: not_run =====

===== secret-scan :: npm run secret-scan :: not_run =====

===== test-unit :: node --env-file=.env.test node_modules/.bin/vitest run src/__tests__/unit :: not_run =====

