===== install :: npm ci :: passed =====
npm warn deprecated try-resolve@1.0.1: Package no longer supported. Contact Support at https://www.npmjs.com/support for more info.
npm warn deprecated node-domexception@1.0.0: Use your platform's native DOMException instead

added 358 packages, and audited 359 packages in 3s

98 packages are looking for funding
  run `npm fund` for details

5 vulnerabilities (3 moderate, 2 high)

To address issues that do not require attention, run:
  npm audit fix

To address all issues (including breaking changes), run:
  npm audit fix --force

Run `npm audit` for details.

===== typecheck :: npm run typecheck :: failed =====

> servicedeskn1@0.1.0 typecheck
> tsc --noEmit

src/__tests__/integration/factories/diagnose-server.factory.spec.ts(306,3): error TS2739: Type '{ PORT: number; DATABASE_URL: string; EVALUATOR_MODEL: string; CONSOLIDATOR_MODEL: string; CONSOLIDATOR_MAX_TOKENS: number; POOL_SIZE: number; DEFAULT_CONSOLIDATION_REGISTER: "plain"; PROMPT_VERSION: string; PAGINATION_DEFAULT_LIMIT: number; PAGINATION_MAX_LIMIT: number; }' is missing the following properties from type '{ PORT: number; DATABASE_URL: string; EVALUATOR_MODEL: string; CONSOLIDATOR_MODEL: string; CONSOLIDATOR_MAX_TOKENS: number; POOL_SIZE: number; DEFAULT_CONSOLIDATION_REGISTER: "formal" | "plain"; ... 6 more ...; EVALUATOR_MAX_TOKENS?: number | undefined; }': DATABASE_POOL_MAX_CONNECTIONS, DATABASE_POOL_IDLE_TIMEOUT_MS, DATABASE_POOL_STATEMENT_TIMEOUT_MS
src/__tests__/integration/factories/simulate-case-server.factory.spec.ts(288,3): error TS2739: Type '{ PORT: number; DATABASE_URL: string; EVALUATOR_MODEL: string; CONSOLIDATOR_MODEL: string; CONSOLIDATOR_MAX_TOKENS: number; POOL_SIZE: number; DEFAULT_CONSOLIDATION_REGISTER: "plain"; PROMPT_VERSION: string; PAGINATION_DEFAULT_LIMIT: number; PAGINATION_MAX_LIMIT: number; }' is missing the following properties from type '{ PORT: number; DATABASE_URL: string; EVALUATOR_MODEL: string; CONSOLIDATOR_MODEL: string; CONSOLIDATOR_MAX_TOKENS: number; POOL_SIZE: number; DEFAULT_CONSOLIDATION_REGISTER: "formal" | "plain"; ... 6 more ...; EVALUATOR_MAX_TOKENS?: number | undefined; }': DATABASE_POOL_MAX_CONNECTIONS, DATABASE_POOL_IDLE_TIMEOUT_MS, DATABASE_POOL_STATEMENT_TIMEOUT_MS
src/__tests__/integration/factories/simulate-hypothesis-server.factory.spec.ts(224,3): error TS2739: Type '{ PORT: number; DATABASE_URL: string; EVALUATOR_MODEL: string; CONSOLIDATOR_MODEL: string; CONSOLIDATOR_MAX_TOKENS: number; POOL_SIZE: number; DEFAULT_CONSOLIDATION_REGISTER: "plain"; PROMPT_VERSION: string; PAGINATION_DEFAULT_LIMIT: number; PAGINATION_MAX_LIMIT: number; }' is missing the following properties from type '{ PORT: number; DATABASE_URL: string; EVALUATOR_MODEL: string; CONSOLIDATOR_MODEL: string; CONSOLIDATOR_MAX_TOKENS: number; POOL_SIZE: number; DEFAULT_CONSOLIDATION_REGISTER: "formal" | "plain"; ... 6 more ...; EVALUATOR_MAX_TOKENS?: number | undefined; }': DATABASE_POOL_MAX_CONNECTIONS, DATABASE_POOL_IDLE_TIMEOUT_MS, DATABASE_POOL_STATEMENT_TIMEOUT_MS
src/__tests__/integration/http/diagnose-e2e.spec.ts(297,3): error TS2739: Type '{ PORT: number; DATABASE_URL: string; EVALUATOR_MODEL: string; CONSOLIDATOR_MODEL: string; CONSOLIDATOR_MAX_TOKENS: number; POOL_SIZE: number; DEFAULT_CONSOLIDATION_REGISTER: "plain"; PROMPT_VERSION: string; PAGINATION_DEFAULT_LIMIT: number; PAGINATION_MAX_LIMIT: number; }' is missing the following properties from type '{ PORT: number; DATABASE_URL: string; EVALUATOR_MODEL: string; CONSOLIDATOR_MODEL: string; CONSOLIDATOR_MAX_TOKENS: number; POOL_SIZE: number; DEFAULT_CONSOLIDATION_REGISTER: "formal" | "plain"; ... 6 more ...; EVALUATOR_MAX_TOKENS?: number | undefined; }': DATABASE_POOL_MAX_CONNECTIONS, DATABASE_POOL_IDLE_TIMEOUT_MS, DATABASE_POOL_STATEMENT_TIMEOUT_MS
src/__tests__/integration/http/diagnose-persistence-deadline-e2e.spec.ts(254,3): error TS2739: Type '{ PORT: number; DATABASE_URL: string; EVALUATOR_MODEL: string; CONSOLIDATOR_MODEL: string; CONSOLIDATOR_MAX_TOKENS: number; POOL_SIZE: number; DEFAULT_CONSOLIDATION_REGISTER: "plain"; PROMPT_VERSION: string; PAGINATION_DEFAULT_LIMIT: number; PAGINATION_MAX_LIMIT: number; }' is missing the following properties from type '{ PORT: number; DATABASE_URL: string; EVALUATOR_MODEL: string; CONSOLIDATOR_MODEL: string; CONSOLIDATOR_MAX_TOKENS: number; POOL_SIZE: number; DEFAULT_CONSOLIDATION_REGISTER: "formal" | "plain"; ... 6 more ...; EVALUATOR_MAX_TOKENS?: number | undefined; }': DATABASE_POOL_MAX_CONNECTIONS, DATABASE_POOL_IDLE_TIMEOUT_MS, DATABASE_POOL_STATEMENT_TIMEOUT_MS

===== lint :: npm run lint :: not_run =====

===== secret-scan :: npm run secret-scan :: not_run =====

===== test-unit :: node --env-file=.env.test node_modules/.bin/vitest run src/__tests__/unit :: not_run =====

