===== install :: npm ci :: passed =====
npm warn deprecated try-resolve@1.0.1: Package no longer supported. Contact Support at https://www.npmjs.com/support for more info.
npm warn deprecated whatwg-encoding@3.1.1: Use @exodus/bytes instead for a more spec-conformant and faster implementation
npm warn deprecated eslint@9.39.5: This version is no longer supported. Please see https://eslint.org/version-support for other options.

> case-authoring-console@0.1.0 postinstall
> node scripts/dedupe-tui-react.mjs

dedupe-tui-react: react already deduped
dedupe-tui-react: react-dom already deduped

added 577 packages, and audited 578 packages in 7s

196 packages are looking for funding
  run `npm fund` for details

2 high severity vulnerabilities

To address all issues, run:
  npm audit fix

Run `npm audit` for details.

===== typecheck :: npm run typecheck :: failed =====

> case-authoring-console@0.1.0 typecheck
> tsc --noEmit

src/routes/connector-configuration-helper-fields.spec.ts(30,67): error TS2769: No overload matches this call.
  The last overload gave the following error.
    Argument of type '{ state: ConnectorConfigurationHelperState; }' is not assignable to parameter of type 'Attributes & ConnectorConfigurationHelperFieldsProps'.
      Property 'onApply' is missing in type '{ state: ConnectorConfigurationHelperState; }' but required in type 'ConnectorConfigurationHelperFieldsProps'.
src/routes/connector-configuration-helper-fields.spec.ts(234,55): error TS2769: No overload matches this call.
  The last overload gave the following error.
    Argument of type '{ state: ConnectorConfigurationHelperState; }' is not assignable to parameter of type 'Attributes & ConnectorConfigurationHelperFieldsProps'.
      Property 'onApply' is missing in type '{ state: ConnectorConfigurationHelperState; }' but required in type 'ConnectorConfigurationHelperFieldsProps'.
src/routes/connector-configuration-helper-fields.spec.ts(266,64): error TS2769: No overload matches this call.
  The last overload gave the following error.
    Argument of type '{ state: ConnectorConfigurationHelperState; }' is not assignable to parameter of type 'Attributes & ConnectorConfigurationHelperFieldsProps'.
      Property 'onApply' is missing in type '{ state: ConnectorConfigurationHelperState; }' but required in type 'ConnectorConfigurationHelperFieldsProps'.
src/routes/connector-configuration-helper-fields.spec.ts(279,64): error TS2769: No overload matches this call.
  The last overload gave the following error.
    Argument of type '{ state: ConnectorConfigurationHelperState; }' is not assignable to parameter of type 'Attributes & ConnectorConfigurationHelperFieldsProps'.
      Property 'onApply' is missing in type '{ state: ConnectorConfigurationHelperState; }' but required in type 'ConnectorConfigurationHelperFieldsProps'.

===== lint :: npm run lint :: not_run =====

===== style :: npm run lint:css :: not_run =====

===== build :: npm run build :: not_run =====

===== a11y :: npm run test:a11y :: not_run =====

===== secret-scan :: npm run secret-scan :: not_run =====

