===== install :: npm ci :: passed =====
npm warn deprecated try-resolve@1.0.1: Package no longer supported. Contact Support at https://www.npmjs.com/support for more info.
npm warn deprecated node-domexception@1.0.0: Use your platform's native DOMException instead
npm warn tar TAR_ENTRY_ERROR ENOENT: no such file or directory, open '/home/siegfriedneto/projects/servicedeskn1/src/node_modules/fastify/test/diagnostics-channel/error-status.test.js'
npm warn tar TAR_ENTRY_ERROR ENOENT: no such file or directory, open '/home/siegfriedneto/projects/servicedeskn1/src/node_modules/vitest/dist/workers/threads.js'
npm warn tar TAR_ENTRY_ERROR ENOENT: no such file or directory, open '/home/siegfriedneto/projects/servicedeskn1/src/node_modules/zod/v4/locales/it.cjs'
npm warn tar TAR_ENTRY_ERROR ENOENT: no such file or directory, lstat '/home/siegfriedneto/projects/servicedeskn1/src/node_modules/typescript/lib'
npm warn tar TAR_ENTRY_ERROR ENOENT: no such file or directory, lstat '/home/siegfriedneto/projects/servicedeskn1/src/node_modules/typescript/lib'
npm warn tar TAR_ENTRY_ERROR ENOENT: no such file or directory, lstat '/home/siegfriedneto/projects/servicedeskn1/src/node_modules/typescript/lib'
npm warn tar TAR_ENTRY_ERROR ENOENT: no such file or directory, lstat '/home/siegfriedneto/projects/servicedeskn1/src/node_modules/typescript/lib'
npm warn tar TAR_ENTRY_ERROR ENOENT: no such file or directory, lstat '/home/siegfriedneto/projects/servicedeskn1/src/node_modules/typescript/lib'
npm warn tar TAR_ENTRY_ERROR ENOENT: no such file or directory, lstat '/home/siegfriedneto/projects/servicedeskn1/src/node_modules/typescript/lib'
npm warn tar TAR_ENTRY_ERROR ENOENT: no such file or directory, lstat '/home/siegfriedneto/projects/servicedeskn1/src/node_modules/typescript/lib'
npm warn tar TAR_ENTRY_ERROR ENOENT: no such file or directory, lstat '/home/siegfriedneto/projects/servicedeskn1/src/node_modules/typescript/lib'
npm warn tar TAR_ENTRY_ERROR ENOENT: no such file or directory, lstat '/home/siegfriedneto/projects/servicedeskn1/src/node_modules/typescript/lib'
npm warn tar TAR_ENTRY_ERROR ENOENT: no such file or directory, lstat '/home/siegfriedneto/projects/servicedeskn1/src/node_modules/typescript/lib'
npm warn tar TAR_ENTRY_ERROR ENOENT: no such file or directory, lstat '/home/siegfriedneto/projects/servicedeskn1/src/node_modules/typescript/lib'
npm warn tar TAR_ENTRY_ERROR ENOENT: no such file or directory, lstat '/home/siegfriedneto/projects/servicedeskn1/src/node_modules/typescript/lib'
npm warn tar TAR_ENTRY_ERROR ENOENT: no such file or directory, lstat '/home/siegfriedneto/projects/servicedeskn1/src/node_modules/typescript/lib'
npm warn tar TAR_ENTRY_ERROR ENOENT: no such file or directory, lstat '/home/siegfriedneto/projects/servicedeskn1/src/node_modules/typescript/lib'
npm warn tar TAR_ENTRY_ERROR ENOENT: no such file or directory, lstat '/home/siegfriedneto/projects/servicedeskn1/src/node_modules/typescript/lib'
npm warn tar TAR_ENTRY_ERROR ENOENT: no such file or directory, lstat '/home/siegfriedneto/projects/servicedeskn1/src/node_modules/typescript/lib'
npm warn tar TAR_ENTRY_ERROR ENOENT: no such file or directory, lstat '/home/siegfriedneto/projects/servicedeskn1/src/node_modules/typescript/lib'
npm warn tar TAR_ENTRY_ERROR ENOENT: no such file or directory, lstat '/home/siegfriedneto/projects/servicedeskn1/src/node_modules/typescript/lib'
npm warn tar TAR_ENTRY_ERROR ENOENT: no such file or directory, lstat '/home/siegfriedneto/projects/servicedeskn1/src/node_modules/typescript/lib'
npm warn tar TAR_ENTRY_ERROR ENOENT: no such file or directory, lstat '/home/siegfriedneto/projects/servicedeskn1/src/node_modules/typescript/lib'
npm warn tar TAR_ENTRY_ERROR ENOENT: no such file or directory, lstat '/home/siegfriedneto/projects/servicedeskn1/src/node_modules/typescript/lib'
npm warn tar TAR_ENTRY_ERROR ENOENT: no such file or directory, open '/home/siegfriedneto/projects/servicedeskn1/src/node_modules/typescript/package.json'
npm warn tar TAR_ENTRY_ERROR ENOENT: no such file or directory, lstat '/home/siegfriedneto/projects/servicedeskn1/src/node_modules/typescript/lib'
npm warn tar TAR_ENTRY_ERROR ENOENT: no such file or directory, open '/home/siegfriedneto/projects/servicedeskn1/src/node_modules/typescript/README.md'
npm warn tar TAR_ENTRY_ERROR ENOENT: no such file or directory, open '/home/siegfriedneto/projects/servicedeskn1/src/node_modules/typescript/SECURITY.md'
npm warn tar TAR_ENTRY_ERROR ENOENT: no such file or directory, lstat '/home/siegfriedneto/projects/servicedeskn1/src/node_modules/typescript/lib'
npm warn tar TAR_ENTRY_ERROR ENOENT: no such file or directory, lstat '/home/siegfriedneto/projects/servicedeskn1/src/node_modules/typescript/lib'
npm warn tar TAR_ENTRY_ERROR ENOENT: no such file or directory, lstat '/home/siegfriedneto/projects/servicedeskn1/src/node_modules/typescript/lib'
npm warn tar TAR_ENTRY_ERROR ENOENT: no such file or directory, lstat '/home/siegfriedneto/projects/servicedeskn1/src/node_modules/typescript/lib'
npm warn tar TAR_ENTRY_ERROR ENOENT: no such file or directory, lstat '/home/siegfriedneto/projects/servicedeskn1/src/node_modules/typescript/lib'
npm warn tar TAR_ENTRY_ERROR ENOENT: no such file or directory, lstat '/home/siegfriedneto/projects/servicedeskn1/src/node_modules/typescript/lib'
npm warn tar TAR_ENTRY_ERROR ENOENT: no such file or directory, lstat '/home/siegfriedneto/projects/servicedeskn1/src/node_modules/typescript/lib'
npm warn tar TAR_ENTRY_ERROR ENOENT: no such file or directory, lstat '/home/siegfriedneto/projects/servicedeskn1/src/node_modules/typescript/lib'
npm warn tar TAR_ENTRY_ERROR ENOENT: no such file or directory, lstat '/home/siegfriedneto/projects/servicedeskn1/src/node_modules/typescript/lib'
npm warn tar TAR_ENTRY_ERROR ENOENT: no such file or directory, lstat '/home/siegfriedneto/projects/servicedeskn1/src/node_modules/typescript/lib'
npm warn tar TAR_ENTRY_ERROR ENOENT: no such file or directory, lstat '/home/siegfriedneto/projects/servicedeskn1/src/node_modules/typescript/lib'
npm warn tar TAR_ENTRY_ERROR ENOENT: no such file or directory, lstat '/home/siegfriedneto/projects/servicedeskn1/src/node_modules/typescript/lib'
npm warn tar TAR_ENTRY_ERROR ENOENT: no such file or directory, lstat '/home/siegfriedneto/projects/servicedeskn1/src/node_modules/typescript/lib'
npm warn tar TAR_ENTRY_ERROR ENOENT: no such file or directory, lstat '/home/siegfriedneto/projects/servicedeskn1/src/node_modules/typescript/lib'
npm warn tar TAR_ENTRY_ERROR ENOENT: no such file or directory, lstat '/home/siegfriedneto/projects/servicedeskn1/src/node_modules/typescript/lib'
npm warn tar TAR_ENTRY_ERROR ENOENT: no such file or directory, lstat '/home/siegfriedneto/projects/servicedeskn1/src/node_modules/typescript/lib'
npm warn tar TAR_ENTRY_ERROR ENOENT: no such file or directory, lstat '/home/siegfriedneto/projects/servicedeskn1/src/node_modules/typescript/lib'
npm warn tar TAR_ENTRY_ERROR ENOENT: no such file or directory, lstat '/home/siegfriedneto/projects/servicedeskn1/src/node_modules/typescript/lib'
npm warn tar TAR_ENTRY_ERROR ENOENT: no such file or directory, lstat '/home/siegfriedneto/projects/servicedeskn1/src/node_modules/typescript/lib'
npm warn tar TAR_ENTRY_ERROR ENOENT: no such file or directory, lstat '/home/siegfriedneto/projects/servicedeskn1/src/node_modules/typescript/lib'
npm warn tar TAR_ENTRY_ERROR ENOENT: no such file or directory, lstat '/home/siegfriedneto/projects/servicedeskn1/src/node_modules/typescript/lib'
npm warn tar TAR_ENTRY_ERROR ENOENT: no such file or directory, lstat '/home/siegfriedneto/projects/servicedeskn1/src/node_modules/typescript/lib'
npm warn tar TAR_ENTRY_ERROR ENOENT: no such file or directory, lstat '/home/siegfriedneto/projects/servicedeskn1/src/node_modules/typescript/lib'
npm warn tar TAR_ENTRY_ERROR ENOENT: no such file or directory, lstat '/home/siegfriedneto/projects/servicedeskn1/src/node_modules/typescript/lib'
npm warn tar TAR_ENTRY_ERROR ENOENT: no such file or directory, lstat '/home/siegfriedneto/projects/servicedeskn1/src/node_modules/typescript/lib'
npm warn tar TAR_ENTRY_ERROR ENOENT: no such file or directory, lstat '/home/siegfriedneto/projects/servicedeskn1/src/node_modules/typescript/lib'
npm warn tar TAR_ENTRY_ERROR ENOENT: no such file or directory, lstat '/home/siegfriedneto/projects/servicedeskn1/src/node_modules/typescript/lib'
npm warn tar TAR_ENTRY_ERROR ENOENT: no such file or directory, lstat '/home/siegfriedneto/projects/servicedeskn1/src/node_modules/typescript/lib'
npm warn tar TAR_ENTRY_ERROR ENOENT: no such file or directory, lstat '/home/siegfriedneto/projects/servicedeskn1/src/node_modules/typescript/lib'
npm warn tar TAR_ENTRY_ERROR ENOENT: no such file or directory, lstat '/home/siegfriedneto/projects/servicedeskn1/src/node_modules/typescript/lib'
npm warn tar TAR_ENTRY_ERROR ENOENT: no such file or directory, lstat '/home/siegfriedneto/projects/servicedeskn1/src/node_modules/typescript/lib'
npm warn tar TAR_ENTRY_ERROR ENOENT: no such file or directory, lstat '/home/siegfriedneto/projects/servicedeskn1/src/node_modules/typescript/lib'
npm warn tar TAR_ENTRY_ERROR ENOENT: no such file or directory, lstat '/home/siegfriedneto/projects/servicedeskn1/src/node_modules/typescript/lib'
npm warn tar TAR_ENTRY_ERROR ENOENT: no such file or directory, lstat '/home/siegfriedneto/projects/servicedeskn1/src/node_modules/typescript/lib'
npm warn tar TAR_ENTRY_ERROR ENOENT: no such file or directory, lstat '/home/siegfriedneto/projects/servicedeskn1/src/node_modules/typescript/lib'
npm warn tar TAR_ENTRY_ERROR ENOENT: no such file or directory, lstat '/home/siegfriedneto/projects/servicedeskn1/src/node_modules/typescript/lib'
npm warn tar TAR_ENTRY_ERROR ENOENT: no such file or directory, lstat '/home/siegfriedneto/projects/servicedeskn1/src/node_modules/typescript/lib'
npm warn tar TAR_ENTRY_ERROR ENOENT: no such file or directory, lstat '/home/siegfriedneto/projects/servicedeskn1/src/node_modules/typescript/lib'
npm warn tar TAR_ENTRY_ERROR ENOENT: no such file or directory, lstat '/home/siegfriedneto/projects/servicedeskn1/src/node_modules/typescript/lib'
npm warn tar TAR_ENTRY_ERROR ENOENT: no such file or directory, lstat '/home/siegfriedneto/projects/servicedeskn1/src/node_modules/typescript/lib'
npm warn tar TAR_ENTRY_ERROR ENOENT: no such file or directory, lstat '/home/siegfriedneto/projects/servicedeskn1/src/node_modules/typescript/lib'
npm warn tar TAR_ENTRY_ERROR ENOENT: no such file or directory, lstat '/home/siegfriedneto/projects/servicedeskn1/src/node_modules/typescript/lib'
npm warn tar TAR_ENTRY_ERROR ENOENT: no such file or directory, lstat '/home/siegfriedneto/projects/servicedeskn1/src/node_modules/typescript/lib'
npm warn tar TAR_ENTRY_ERROR ENOENT: no such file or directory, lstat '/home/siegfriedneto/projects/servicedeskn1/src/node_modules/typescript/lib'
npm warn tar TAR_ENTRY_ERROR ENOENT: no such file or directory, lstat '/home/siegfriedneto/projects/servicedeskn1/src/node_modules/typescript/lib'
npm warn tar TAR_ENTRY_ERROR ENOENT: no such file or directory, lstat '/home/siegfriedneto/projects/servicedeskn1/src/node_modules/typescript/lib'
npm warn tar TAR_ENTRY_ERROR ENOENT: no such file or directory, lstat '/home/siegfriedneto/projects/servicedeskn1/src/node_modules/typescript/lib'
npm warn tar TAR_ENTRY_ERROR ENOENT: no such file or directory, lstat '/home/siegfriedneto/projects/servicedeskn1/src/node_modules/typescript/lib'
npm warn tar TAR_ENTRY_ERROR ENOENT: no such file or directory, lstat '/home/siegfriedneto/projects/servicedeskn1/src/node_modules/typescript/lib'
npm warn tar TAR_ENTRY_ERROR ENOENT: no such file or directory, lstat '/home/siegfriedneto/projects/servicedeskn1/src/node_modules/typescript/lib'
npm warn tar TAR_ENTRY_ERROR ENOENT: no such file or directory, lstat '/home/siegfriedneto/projects/servicedeskn1/src/node_modules/typescript/lib'
npm warn tar TAR_ENTRY_ERROR ENOENT: no such file or directory, lstat '/home/siegfriedneto/projects/servicedeskn1/src/node_modules/typescript/lib'
npm warn tar TAR_ENTRY_ERROR ENOENT: no such file or directory, lstat '/home/siegfriedneto/projects/servicedeskn1/src/node_modules/typescript/lib'
npm warn tar TAR_ENTRY_ERROR ENOENT: no such file or directory, lstat '/home/siegfriedneto/projects/servicedeskn1/src/node_modules/typescript/lib'
npm warn tar TAR_ENTRY_ERROR ENOENT: no such file or directory, lstat '/home/siegfriedneto/projects/servicedeskn1/src/node_modules/typescript/lib'
npm warn tar TAR_ENTRY_ERROR ENOENT: no such file or directory, lstat '/home/siegfriedneto/projects/servicedeskn1/src/node_modules/typescript/lib'
npm warn tar TAR_ENTRY_ERROR ENOENT: no such file or directory, lstat '/home/siegfriedneto/projects/servicedeskn1/src/node_modules/typescript/lib'
npm warn tar TAR_ENTRY_ERROR ENOENT: no such file or directory, lstat '/home/siegfriedneto/projects/servicedeskn1/src/node_modules/typescript/lib'
npm warn tar TAR_ENTRY_ERROR ENOENT: no such file or directory, lstat '/home/siegfriedneto/projects/servicedeskn1/src/node_modules/typescript/lib'
npm warn tar TAR_ENTRY_ERROR ENOENT: no such file or directory, lstat '/home/siegfriedneto/projects/servicedeskn1/src/node_modules/typescript/lib'
npm warn tar TAR_ENTRY_ERROR ENOENT: no such file or directory, lstat '/home/siegfriedneto/projects/servicedeskn1/src/node_modules/typescript/lib'
npm warn tar TAR_ENTRY_ERROR ENOENT: no such file or directory, lstat '/home/siegfriedneto/projects/servicedeskn1/src/node_modules/typescript/lib'
npm warn tar TAR_ENTRY_ERROR ENOENT: no such file or directory, lstat '/home/siegfriedneto/projects/servicedeskn1/src/node_modules/typescript/lib'
npm warn tar TAR_ENTRY_ERROR ENOENT: no such file or directory, lstat '/home/siegfriedneto/projects/servicedeskn1/src/node_modules/typescript/lib'
npm warn tar TAR_ENTRY_ERROR ENOENT: no such file or directory, lstat '/home/siegfriedneto/projects/servicedeskn1/src/node_modules/typescript/lib'
npm warn tar TAR_ENTRY_ERROR ENOENT: no such file or directory, lstat '/home/siegfriedneto/projects/servicedeskn1/src/node_modules/typescript/lib'
npm warn tar TAR_ENTRY_ERROR ENOENT: no such file or directory, lstat '/home/siegfriedneto/projects/servicedeskn1/src/node_modules/typescript/lib'
npm warn tar TAR_ENTRY_ERROR ENOENT: no such file or directory, lstat '/home/siegfriedneto/projects/servicedeskn1/src/node_modules/typescript/lib'
npm warn tar TAR_ENTRY_ERROR ENOENT: no such file or directory, lstat '/home/siegfriedneto/projects/servicedeskn1/src/node_modules/typescript/lib'
npm warn tar TAR_ENTRY_ERROR ENOENT: no such file or directory, lstat '/home/siegfriedneto/projects/servicedeskn1/src/node_modules/typescript/lib'
npm warn tar TAR_ENTRY_ERROR ENOENT: no such file or directory, lstat '/home/siegfriedneto/projects/servicedeskn1/src/node_modules/typescript/lib'
npm warn tar TAR_ENTRY_ERROR ENOENT: no such file or directory, lstat '/home/siegfriedneto/projects/servicedeskn1/src/node_modules/typescript/lib'
npm warn tar TAR_ENTRY_ERROR ENOENT: no such file or directory, lstat '/home/siegfriedneto/projects/servicedeskn1/src/node_modules/typescript/lib'
npm warn tar TAR_ENTRY_ERROR ENOENT: no such file or directory, lstat '/home/siegfriedneto/projects/servicedeskn1/src/node_modules/typescript/lib'
npm warn tar TAR_ENTRY_ERROR ENOENT: no such file or directory, lstat '/home/siegfriedneto/projects/servicedeskn1/src/node_modules/typescript/lib'
npm warn tar TAR_ENTRY_ERROR ENOENT: no such file or directory, lstat '/home/siegfriedneto/projects/servicedeskn1/src/node_modules/typescript/lib'
npm warn tar TAR_ENTRY_ERROR ENOENT: no such file or directory, lstat '/home/siegfriedneto/projects/servicedeskn1/src/node_modules/typescript/lib'
npm warn tar TAR_ENTRY_ERROR ENOENT: no such file or directory, lstat '/home/siegfriedneto/projects/servicedeskn1/src/node_modules/typescript/lib'
npm warn tar TAR_ENTRY_ERROR ENOENT: no such file or directory, lstat '/home/siegfriedneto/projects/servicedeskn1/src/node_modules/typescript/lib'
npm warn tar TAR_ENTRY_ERROR ENOENT: no such file or directory, lstat '/home/siegfriedneto/projects/servicedeskn1/src/node_modules/typescript/lib'
npm warn tar TAR_ENTRY_ERROR ENOENT: no such file or directory, lstat '/home/siegfriedneto/projects/servicedeskn1/src/node_modules/typescript/lib'
npm warn tar TAR_ENTRY_ERROR ENOENT: no such file or directory, lstat '/home/siegfriedneto/projects/servicedeskn1/src/node_modules/typescript/lib'
npm warn tar TAR_ENTRY_ERROR ENOENT: no such file or directory, lstat '/home/siegfriedneto/projects/servicedeskn1/src/node_modules/typescript/lib'
npm warn tar TAR_ENTRY_ERROR ENOENT: no such file or directory, lstat '/home/siegfriedneto/projects/servicedeskn1/src/node_modules/typescript/lib'
npm warn tar TAR_ENTRY_ERROR ENOENT: no such file or directory, lstat '/home/siegfriedneto/projects/servicedeskn1/src/node_modules/typescript/lib'
npm warn tar TAR_ENTRY_ERROR ENOENT: no such file or directory, lstat '/home/siegfriedneto/projects/servicedeskn1/src/node_modules/typescript/lib'
npm warn tar TAR_ENTRY_ERROR ENOENT: no such file or directory, lstat '/home/siegfriedneto/projects/servicedeskn1/src/node_modules/typescript/lib'
npm warn tar TAR_ENTRY_ERROR ENOENT: no such file or directory, lstat '/home/siegfriedneto/projects/servicedeskn1/src/node_modules/typescript/lib'
npm warn tar TAR_ENTRY_ERROR ENOENT: no such file or directory, lstat '/home/siegfriedneto/projects/servicedeskn1/src/node_modules/typescript/lib'
npm warn tar TAR_ENTRY_ERROR ENOENT: no such file or directory, lstat '/home/siegfriedneto/projects/servicedeskn1/src/node_modules/typescript/lib'
npm warn tar TAR_ENTRY_ERROR ENOENT: no such file or directory, lstat '/home/siegfriedneto/projects/servicedeskn1/src/node_modules/typescript/lib'
npm warn tar TAR_ENTRY_ERROR ENOENT: no such file or directory, lstat '/home/siegfriedneto/projects/servicedeskn1/src/node_modules/typescript/lib'
npm warn tar TAR_ENTRY_ERROR ENOENT: no such file or directory, lstat '/home/siegfriedneto/projects/servicedeskn1/src/node_modules/typescript/lib'
npm warn tar TAR_ENTRY_ERROR ENOENT: no such file or directory, lstat '/home/siegfriedneto/projects/servicedeskn1/src/node_modules/typescript/lib'
npm warn tar TAR_ENTRY_ERROR ENOENT: no such file or directory, lstat '/home/siegfriedneto/projects/servicedeskn1/src/node_modules/typescript/lib'
npm warn tar TAR_ENTRY_ERROR ENOENT: no such file or directory, lstat '/home/siegfriedneto/projects/servicedeskn1/src/node_modules/typescript/lib'
npm warn tar TAR_ENTRY_ERROR ENOENT: no such file or directory, lstat '/home/siegfriedneto/projects/servicedeskn1/src/node_modules/typescript/lib'
npm warn tar TAR_ENTRY_ERROR ENOENT: no such file or directory, lstat '/home/siegfriedneto/projects/servicedeskn1/src/node_modules/typescript/lib'
npm warn tar TAR_ENTRY_ERROR ENOENT: no such file or directory, lstat '/home/siegfriedneto/projects/servicedeskn1/src/node_modules/typescript/lib'
npm warn tar TAR_ENTRY_ERROR ENOENT: no such file or directory, lstat '/home/siegfriedneto/projects/servicedeskn1/src/node_modules/typescript/lib'
npm warn tar TAR_ENTRY_ERROR ENOENT: no such file or directory, lstat '/home/siegfriedneto/projects/servicedeskn1/src/node_modules/typescript/lib'
npm warn tar TAR_ENTRY_ERROR ENOENT: no such file or directory, lstat '/home/siegfriedneto/projects/servicedeskn1/src/node_modules/typescript/lib'
npm warn tar TAR_ENTRY_ERROR ENOENT: no such file or directory, open '/home/siegfriedneto/projects/servicedeskn1/src/node_modules/typescript/LICENSE.txt'
npm warn tar TAR_ENTRY_ERROR ENOENT: no such file or directory, open '/home/siegfriedneto/projects/servicedeskn1/src/node_modules/typescript/ThirdPartyNoticeText.txt'
npm warn tar TAR_ENTRY_ERROR ENOENT: no such file or directory, open '/home/siegfriedneto/projects/servicedeskn1/src/node_modules/@esbuild/linux-x64/package.json'
npm warn tar TAR_ENTRY_ERROR ENOENT: no such file or directory, open '/home/siegfriedneto/projects/servicedeskn1/src/node_modules/@esbuild/linux-x64/README.md'

added 358 packages, and audited 359 packages in 14s

98 packages are looking for funding
  run `npm fund` for details

5 vulnerabilities (3 moderate, 2 high)

To address issues that do not require attention, run:
  npm audit fix

To address all issues (including breaking changes), run:
  npm audit fix --force

Run `npm audit` for details.

===== typecheck :: npm run typecheck :: failed =====

> servicedeskn1@0.1.0 typecheck
> tsc --noEmit

sh: 1: tsc: not found

===== lint :: npm run lint :: not_run =====

===== secret-scan :: npm run secret-scan :: not_run =====

===== test-unit :: node --env-file=.env.test node_modules/.bin/vitest run src/__tests__/unit :: not_run =====

===== test :: npm test :: not_run =====

