===== install :: npm ci :: passed =====
npm warn deprecated try-resolve@1.0.1: Package no longer supported. Contact Support at https://www.npmjs.com/support for more info.

added 259 packages, and audited 260 packages in 4s

75 packages are looking for funding
  run `npm fund` for details

found 0 vulnerabilities

===== typecheck :: npm run typecheck :: passed =====

> backend@0.1.0 typecheck
> tsc --noEmit


===== lint :: npm run lint :: passed =====

> backend@0.1.0 lint
> eslint .


===== secret-scan :: npm run secret-scan :: passed =====

> backend@0.1.0 secret-scan
> secretlint "**/*"


===== test :: npm test :: failed =====

> backend@0.1.0 test
> vitest run --passWithNoTests


 RUN  v3.2.7 /home/siegfriedneto/projects/siegardtest/src

 ✓ src/__tests__/unit/case/case-resolution.spec.ts (13 tests) 6ms
 ❯ src/__tests__/unit/investigation/resolve-and-narrow-input.spec.ts (17 tests | 3 failed) 28ms
   ✓ carries every required hypothesis's own evaluation, not only the one that confirmed, when one hypothesis confirms 2ms
   ✓ carries every required hypothesis's own evaluation when none confirms 0ms
   × gives the narrowed input the same shape whether or not a hypothesis confirmed, carrying no discriminant field that differs between the two 7ms
     → no evidence was supplied for required hypothesis "h1"
   ✓ never carries a hypothesis's own criterion or the case's when_to_use text 1ms
   ✓ excludes an evaluation for a hypothesis the case does not require evaluation of 0ms
   ✓ excludes evidence from evidenceByHypothesis that no included citation names 0ms
   ✓ carries a concept once, in first-cited order, when more than one required evaluation cites it 0ms
   × resolves the outcome, referral and determining hypothesis exactly as the case's own resolve-outcome answers, following the case's declared precedence rather than the evaluations' own order 1ms
     → no evidence was supplied for required hypothesis "h-first"
   ✓ answers `resolved` with exactly what the case's own resolveOutcome returns for these verdicts, computed nowhere else 0ms
   × keeps the required evaluations in the given evaluations' own order, never reordered to the case's declared precedence 0ms
     → no evidence was supplied for required hypothesis "h3"
   ✓ answers empty evaluations and empty evidence, rather than throwing or defaulting to something else, when given no evaluations at all 0ms
   ✓ requires no evidenceByHypothesis entry for a required hypothesis whose own evaluation cites nothing 0ms
   ✓ throws naming the hypothesis when evidenceByHypothesis carries no entry for a required hypothesis that cites 2ms
   ✓ throws naming the concept when a required hypothesis's own evidence entry does not carry the cited concept 1ms
   ✓ imports no framework, driver or provider client, so infrastructure cannot be reached from it directly 6ms
   ✓ imports nothing from the standard library either, keeping it pure and synchronous 1ms
   ✓ imports no port file, since a port models an infrastructure boundary this module never reaches 1ms
 ✓ src/__tests__/unit/investigation/investigation-factory.spec.ts (13 tests) 9ms
 ✓ src/__tests__/unit/case/parse-case-document.spec.ts (34 tests) 29ms
 ✓ src/__tests__/unit/investigation/judgment-stage.spec.ts (16 tests) 34ms
 ✓ src/__tests__/unit/case/validate-case-coherence.spec.ts (17 tests) 10ms
 ✓ src/__tests__/unit/case/case-query.service.spec.ts (19 tests) 19ms
 ✓ src/__tests__/unit/investigation/evidence-collection-stage.spec.ts (11 tests) 47ms
 ✓ src/__tests__/unit/capability-registry/capability-registry.service.spec.ts (18 tests) 33ms
 ✓ src/__tests__/integration/persistence/file-investigation-store.repository.spec.ts (12 tests) 196ms
 ✓ src/__tests__/unit/investigation/draft-assessment-text.spec.ts (8 tests) 10ms
 ✓ src/__tests__/unit/investigation/citation-validation.spec.ts (8 tests) 21ms
 ✓ src/__tests__/unit/capability-registry/capability-query.port.spec.ts (10 tests) 7ms
 ✓ src/__tests__/unit/glossary/glossary-query.port.spec.ts (8 tests) 9ms
 ✓ src/__tests__/unit/glossary/glossary.service.spec.ts (11 tests) 37ms
 ✓ src/__tests__/unit/investigation/hypothesis-evaluator.port.spec.ts (8 tests) 24ms
 ✓ src/__tests__/unit/investigation/investigation-factory-modules.spec.ts (2 tests) 44ms
 ✓ src/__tests__/integration/factories/case-query.factory.spec.ts (6 tests) 295ms
 ✓ src/__tests__/unit/investigation/observation-source-modules.spec.ts (3 tests) 192ms
 ✓ src/__tests__/unit/investigation/draft-assessment-text-modules.spec.ts (3 tests) 80ms
 ✓ src/__tests__/integration/persistence/file-case-store.repository.spec.ts (11 tests) 291ms
 ✓ src/__tests__/unit/investigation/hypothesis-evaluator-modules.spec.ts (3 tests) 146ms
 ✓ src/__tests__/unit/investigation/observation-source.port.spec.ts (8 tests) 6ms
 ✓ src/__tests__/unit/investigation/idempotency-resolution.spec.ts (7 tests) 12ms
 ✓ src/__tests__/unit/case/case-document-modules.spec.ts (2 tests) 84ms
 ✓ src/__tests__/unit/investigation/subject.spec.ts (8 tests) 32ms
 ✓ src/__tests__/unit/investigation/idempotency-lease-store.spec.ts (7 tests) 36ms
 ✓ src/__tests__/unit/capability-registry/no-network-persistence.spec.ts (1 test) 39ms
 ✓ src/__tests__/integration/persistence/file-capability-store.repository.spec.ts (8 tests) 117ms
 ✓ src/__tests__/unit/glossary/vocabulary-modules.spec.ts (2 tests) 40ms
 ✓ src/__tests__/integration/capability-registry/capability-query.port.spec.ts (3 tests) 95ms
 ✓ src/__tests__/unit/investigation/idempotency-key.spec.ts (5 tests) 10ms
 ✓ src/__tests__/integration/persistence/file-glossary-store.repository.spec.ts (7 tests) 67ms
 ✓ src/__tests__/integration/factories/capability-registry.factory.spec.ts (2 tests) 34ms
 ✓ src/__tests__/integration/glossary/glossary-query.port.spec.ts (3 tests) 44ms
 ✓ src/__tests__/integration/factories/glossary.factory.spec.ts (2 tests) 30ms
 ✓ src/__tests__/unit/dependency-manifest.spec.ts (1 test) 24ms

⎯⎯⎯⎯⎯⎯⎯ Failed Tests 3 ⎯⎯⎯⎯⎯⎯⎯

 FAIL  src/__tests__/unit/investigation/resolve-and-narrow-input.spec.ts > gives the narrowed input the same shape whether or not a hypothesis confirmed, carrying no discriminant field that differs between the two
Error: no evidence was supplied for required hypothesis "h1"
 ❯ evidenceForCitation src/investigation/resolve-and-narrow-input.ts:149:11
    147|   const hypothesisEvidence = evidenceByHypothesis.get(hypothesis);
    148|   if (hypothesisEvidence === undefined) {
    149|     throw new Error(`no evidence was supplied for required hypothesis …
       |           ^
    150|   }
    151|   const named = hypothesisEvidence.find((item) => item.concept === cit…
 ❯ narrowedEvidenceOf src/investigation/resolve-and-narrow-input.ts:135:21
 ❯ narrowInput src/investigation/resolve-and-narrow-input.ts:113:56
 ❯ resolveAndNarrow src/investigation/resolve-and-narrow-input.ts:93:25
 ❯ src/__tests__/unit/investigation/resolve-and-narrow-input.spec.ts:143:26

⎯⎯⎯⎯⎯⎯⎯⎯⎯⎯⎯⎯⎯⎯⎯⎯⎯⎯⎯⎯⎯⎯⎯⎯[1/3]⎯

 FAIL  src/__tests__/unit/investigation/resolve-and-narrow-input.spec.ts > resolves the outcome, referral and determining hypothesis exactly as the case's own resolve-outcome answers, following the case's declared precedence rather than the evaluations' own order
Error: no evidence was supplied for required hypothesis "h-first"
 ❯ evidenceForCitation src/investigation/resolve-and-narrow-input.ts:149:11
    147|   const hypothesisEvidence = evidenceByHypothesis.get(hypothesis);
    148|   if (hypothesisEvidence === undefined) {
    149|     throw new Error(`no evidence was supplied for required hypothesis …
       |           ^
    150|   }
    151|   const named = hypothesisEvidence.find((item) => item.concept === cit…
 ❯ narrowedEvidenceOf src/investigation/resolve-and-narrow-input.ts:135:21
 ❯ narrowInput src/investigation/resolve-and-narrow-input.ts:113:56
 ❯ resolveAndNarrow src/investigation/resolve-and-narrow-input.ts:93:25
 ❯ src/__tests__/unit/investigation/resolve-and-narrow-input.spec.ts:222:18

⎯⎯⎯⎯⎯⎯⎯⎯⎯⎯⎯⎯⎯⎯⎯⎯⎯⎯⎯⎯⎯⎯⎯⎯[2/3]⎯

 FAIL  src/__tests__/unit/investigation/resolve-and-narrow-input.spec.ts > keeps the required evaluations in the given evaluations' own order, never reordered to the case's declared precedence
Error: no evidence was supplied for required hypothesis "h3"
 ❯ evidenceForCitation src/investigation/resolve-and-narrow-input.ts:149:11
    147|   const hypothesisEvidence = evidenceByHypothesis.get(hypothesis);
    148|   if (hypothesisEvidence === undefined) {
    149|     throw new Error(`no evidence was supplied for required hypothesis …
       |           ^
    150|   }
    151|   const named = hypothesisEvidence.find((item) => item.concept === cit…
 ❯ narrowedEvidenceOf src/investigation/resolve-and-narrow-input.ts:135:21
 ❯ narrowInput src/investigation/resolve-and-narrow-input.ts:113:56
 ❯ resolveAndNarrow src/investigation/resolve-and-narrow-input.ts:93:25
 ❯ src/__tests__/unit/investigation/resolve-and-narrow-input.spec.ts:256:18

⎯⎯⎯⎯⎯⎯⎯⎯⎯⎯⎯⎯⎯⎯⎯⎯⎯⎯⎯⎯⎯⎯⎯⎯[3/3]⎯


 Test Files  1 failed | 36 passed (37)
      Tests  3 failed | 314 passed (317)
   Start at  12:33:50
   Duration  3.32s (transform 3.06s, setup 0ms, collect 7.56s, tests 2.24s, environment 15ms, prepare 8.13s)


